20:18:59 **** Build of configuration Debug for project fmc_imageon_gs_app ****
make all 
'Building file: ../src/avnet_console.c'
'Invoking: ARM gcc compiler'
arm-xilinx-eabi-gcc -Wall -O0 -g3 -c -fmessage-length=0 -MT"src/avnet_console.o" -I../../fmc_imageon_gs_bsp/ps7_cortexa9_0/include -MMD -MP -MF"src/avnet_console.d" -MT"src/avnet_console.d" -o "src/avnet_console.o" "../src/avnet_console.c"
../src/avnet_console.c:3:1: warning: multi-line comment [-Wcomment]
 //     /     \
 ^
In file included from ../src/avnet_console.c:52:0:
../../fmc_imageon_gs_bsp/ps7_cortexa9_0/include/xbasic_types.h:115:2: warning: #warning The xbasics_type.h file is deprecated and users should use xil_types.h and xil_assert. [-Wcpp]
 #warning  The xbasics_type.h file is deprecated and users should use xil_types.h and xil_assert.
  ^
../../fmc_imageon_gs_bsp/ps7_cortexa9_0/include/xbasic_types.h:116:2: warning: #warning Please refer the Standalone BSP UG647 for further details [-Wcpp]
 #warning  Please refer the Standalone BSP UG647 for further details
  ^
In file included from ../src/avnet_console.c:65:0:
../src/avnet_console.h:3:1: warning: multi-line comment [-Wcomment]
 //     /     \
 ^
In file included from ../src/demo.h:7:0,
                 from ../src/avnet_console.h:48,
                 from ../src/avnet_console.c:65:
../../fmc_imageon_gs_bsp/ps7_cortexa9_0/include/fmc_iic.h:3:1: warning: multi-line comment [-Wcomment]
 //     /     \
 ^
In file included from ../src/demo.h:8:0,
                 from ../src/avnet_console.h:48,
                 from ../src/avnet_console.c:65:
../../fmc_imageon_gs_bsp/ps7_cortexa9_0/include/fmc_imageon.h:3:1: warning: multi-line comment [-Wcomment]
 //     /     \
 ^
In file included from ../../fmc_imageon_gs_bsp/ps7_cortexa9_0/include/fmc_imageon.h:78:0,
                 from ../src/demo.h:8,
                 from ../src/avnet_console.h:48,
                 from ../src/avnet_console.c:65:
../../fmc_imageon_gs_bsp/ps7_cortexa9_0/include/fmc_iic.h:3:1: warning: multi-line comment [-Wcomment]
 //     /     \
 ^
In file included from ../src/demo.h:13:0,
                 from ../src/avnet_console.h:48,
                 from ../src/avnet_console.c:65:
../../fmc_imageon_gs_bsp/ps7_cortexa9_0/include/onsemi_vita_sw.h:3:1: warning: multi-line comment [-Wcomment]
 //     /     \
 ^
In file included from ../src/avnet_console.c:66:0:
../src/avnet_console_scanput.h:3:1: warning: multi-line comment [-Wcomment]
 //--   /     \
 ^
'Finished building: ../src/avnet_console.c'
' '
'Building file: ../src/avnet_console_serial.c'
'Invoking: ARM gcc compiler'
arm-xilinx-eabi-gcc -Wall -O0 -g3 -c -fmessage-length=0 -MT"src/avnet_console_serial.o" -I../../fmc_imageon_gs_bsp/ps7_cortexa9_0/include -MMD -MP -MF"src/avnet_console_serial.d" -MT"src/avnet_console_serial.d" -o "src/avnet_console_serial.o" "../src/avnet_console_serial.c"
../src/avnet_console_serial.c:3:1: warning: multi-line comment [-Wcomment]
 //     /     \
 ^
In file included from ../src/avnet_console_serial.c:62:0:
../src/avnet_console.h:3:1: warning: multi-line comment [-Wcomment]
 //     /     \
 ^
In file included from ../src/demo.h:7:0,
                 from ../src/avnet_console.h:48,
                 from ../src/avnet_console_serial.c:62:
../../fmc_imageon_gs_bsp/ps7_cortexa9_0/include/fmc_iic.h:3:1: warning: multi-line comment [-Wcomment]
 //     /     \
 ^
In file included from ../../fmc_imageon_gs_bsp/ps7_cortexa9_0/include/fmc_iic.h:57:0,
                 from ../src/demo.h:7,
                 from ../src/avnet_console.h:48,
                 from ../src/avnet_console_serial.c:62:
../../fmc_imageon_gs_bsp/ps7_cortexa9_0/include/xbasic_types.h:115:2: warning: #warning The xbasics_type.h file is deprecated and users should use xil_types.h and xil_assert. [-Wcpp]
 #warning  The xbasics_type.h file is deprecated and users should use xil_types.h and xil_assert.
  ^
../../fmc_imageon_gs_bsp/ps7_cortexa9_0/include/xbasic_types.h:116:2: warning: #warning Please refer the Standalone BSP UG647 for further details [-Wcpp]
 #warning  Please refer the Standalone BSP UG647 for further details
  ^
In file included from ../src/demo.h:8:0,
                 from ../src/avnet_console.h:48,
                 from ../src/avnet_console_serial.c:62:
../../fmc_imageon_gs_bsp/ps7_cortexa9_0/include/fmc_imageon.h:3:1: warning: multi-line comment [-Wcomment]
 //     /     \
 ^
In file included from ../../fmc_imageon_gs_bsp/ps7_cortexa9_0/include/fmc_imageon.h:78:0,
                 from ../src/demo.h:8,
                 from ../src/avnet_console.h:48,
                 from ../src/avnet_console_serial.c:62:
../../fmc_imageon_gs_bsp/ps7_cortexa9_0/include/fmc_iic.h:3:1: warning: multi-line comment [-Wcomment]
 //     /     \
 ^
In file included from ../src/demo.h:13:0,
                 from ../src/avnet_console.h:48,
                 from ../src/avnet_console_serial.c:62:
../../fmc_imageon_gs_bsp/ps7_cortexa9_0/include/onsemi_vita_sw.h:3:1: warning: multi-line comment [-Wcomment]
 //     /     \
 ^
../src/avnet_console_serial.c: In function 'transfer_avnet_console_serial_data':
../src/avnet_console_serial.c:357:8: warning: unused variable 'input' [-Wunused-variable]
    int input;
        ^
'Finished building: ../src/avnet_console_serial.c'
' '
'Building file: ../src/demo.c'
'Invoking: ARM gcc compiler'
arm-xilinx-eabi-gcc -Wall -O0 -g3 -c -fmessage-length=0 -MT"src/demo.o" -I../../fmc_imageon_gs_bsp/ps7_cortexa9_0/include -MMD -MP -MF"src/demo.d" -MT"src/demo.d" -o "src/demo.o" "../src/demo.c"
In file included from ../src/demo.h:7:0,
                 from ../src/demo.c:2:
../../fmc_imageon_gs_bsp/ps7_cortexa9_0/include/fmc_iic.h:3:1: warning: multi-line comment [-Wcomment]
 //     /     \
 ^
In file included from ../../fmc_imageon_gs_bsp/ps7_cortexa9_0/include/fmc_iic.h:57:0,
                 from ../src/demo.h:7,
                 from ../src/demo.c:2:
../../fmc_imageon_gs_bsp/ps7_cortexa9_0/include/xbasic_types.h:115:2: warning: #warning The xbasics_type.h file is deprecated and users should use xil_types.h and xil_assert. [-Wcpp]
 #warning  The xbasics_type.h file is deprecated and users should use xil_types.h and xil_assert.
  ^
../../fmc_imageon_gs_bsp/ps7_cortexa9_0/include/xbasic_types.h:116:2: warning: #warning Please refer the Standalone BSP UG647 for further details [-Wcpp]
 #warning  Please refer the Standalone BSP UG647 for further details
  ^
In file included from ../src/demo.h:8:0,
                 from ../src/demo.c:2:
../../fmc_imageon_gs_bsp/ps7_cortexa9_0/include/fmc_imageon.h:3:1: warning: multi-line comment [-Wcomment]
 //     /     \
 ^
In file included from ../../fmc_imageon_gs_bsp/ps7_cortexa9_0/include/fmc_imageon.h:78:0,
                 from ../src/demo.h:8,
                 from ../src/demo.c:2:
../../fmc_imageon_gs_bsp/ps7_cortexa9_0/include/fmc_iic.h:3:1: warning: multi-line comment [-Wcomment]
 //     /     \
 ^
In file included from ../src/demo.h:13:0,
                 from ../src/demo.c:2:
../../fmc_imageon_gs_bsp/ps7_cortexa9_0/include/onsemi_vita_sw.h:3:1: warning: multi-line comment [-Wcomment]
 //     /     \
 ^
../src/demo.c: In function 'demo_init':
../src/demo.c:45:4: warning: implicit declaration of function 'exit' [-Wimplicit-function-declaration]
    exit(0);
    ^
../src/demo.c:45:4: warning: incompatible implicit declaration of built-in function 'exit'
../src/demo.c: In function 'demo_start_hdmi_in':
../src/demo.c:110:7: warning: incompatible implicit declaration of built-in function 'exit'
       exit(0);
       ^
../src/demo.c: In function 'demo_init_frame_buffer':
../src/demo.c:247:4: warning: implicit declaration of function 'Xil_DCacheFlush' [-Wimplicit-function-declaration]
    Xil_DCacheFlush();
    ^
../src/demo.c:215:22: warning: unused variable 'pStorageMem2' [-Wunused-variable]
    volatile Xuint16 *pStorageMem2 = (Xuint16 *)0x18000000;
                      ^
'Finished building: ../src/demo.c'
' '
'Building file: ../src/edid_fmc_imageon.c'
'Invoking: ARM gcc compiler'
arm-xilinx-eabi-gcc -Wall -O0 -g3 -c -fmessage-length=0 -MT"src/edid_fmc_imageon.o" -I../../fmc_imageon_gs_bsp/ps7_cortexa9_0/include -MMD -MP -MF"src/edid_fmc_imageon.d" -MT"src/edid_fmc_imageon.d" -o "src/edid_fmc_imageon.o" "../src/edid_fmc_imageon.c"
In file included from ../src/demo.h:7:0,
                 from ../src/edid_fmc_imageon.c:2:
../../fmc_imageon_gs_bsp/ps7_cortexa9_0/include/fmc_iic.h:3:1: warning: multi-line comment [-Wcomment]
 //     /     \
 ^
In file included from ../../fmc_imageon_gs_bsp/ps7_cortexa9_0/include/fmc_iic.h:57:0,
                 from ../src/demo.h:7,
                 from ../src/edid_fmc_imageon.c:2:
../../fmc_imageon_gs_bsp/ps7_cortexa9_0/include/xbasic_types.h:115:2: warning: #warning The xbasics_type.h file is deprecated and users should use xil_types.h and xil_assert. [-Wcpp]
 #warning  The xbasics_type.h file is deprecated and users should use xil_types.h and xil_assert.
  ^
../../fmc_imageon_gs_bsp/ps7_cortexa9_0/include/xbasic_types.h:116:2: warning: #warning Please refer the Standalone BSP UG647 for further details [-Wcpp]
 #warning  Please refer the Standalone BSP UG647 for further details
  ^
In file included from ../src/demo.h:8:0,
                 from ../src/edid_fmc_imageon.c:2:
../../fmc_imageon_gs_bsp/ps7_cortexa9_0/include/fmc_imageon.h:3:1: warning: multi-line comment [-Wcomment]
 //     /     \
 ^
In file included from ../../fmc_imageon_gs_bsp/ps7_cortexa9_0/include/fmc_imageon.h:78:0,
                 from ../src/demo.h:8,
                 from ../src/edid_fmc_imageon.c:2:
../../fmc_imageon_gs_bsp/ps7_cortexa9_0/include/fmc_iic.h:3:1: warning: multi-line comment [-Wcomment]
 //     /     \
 ^
In file included from ../src/demo.h:13:0,
                 from ../src/edid_fmc_imageon.c:2:
../../fmc_imageon_gs_bsp/ps7_cortexa9_0/include/onsemi_vita_sw.h:3:1: warning: multi-line comment [-Wcomment]
 //     /     \
 ^
'Finished building: ../src/edid_fmc_imageon.c'
' '
'Building file: ../src/main.c'
'Invoking: ARM gcc compiler'
arm-xilinx-eabi-gcc -Wall -O0 -g3 -c -fmessage-length=0 -MT"src/main.o" -I../../fmc_imageon_gs_bsp/ps7_cortexa9_0/include -MMD -MP -MF"src/main.d" -MT"src/main.d" -o "src/main.o" "../src/main.c"
In file included from ../src/demo.h:7:0,
                 from ../src/main.c:8:
../../fmc_imageon_gs_bsp/ps7_cortexa9_0/include/fmc_iic.h:3:1: warning: multi-line comment [-Wcomment]
 //     /     \
 ^
In file included from ../../fmc_imageon_gs_bsp/ps7_cortexa9_0/include/fmc_iic.h:57:0,
                 from ../src/demo.h:7,
                 from ../src/main.c:8:
../../fmc_imageon_gs_bsp/ps7_cortexa9_0/include/xbasic_types.h:115:2: warning: #warning The xbasics_type.h file is deprecated and users should use xil_types.h and xil_assert. [-Wcpp]
 #warning  The xbasics_type.h file is deprecated and users should use xil_types.h and xil_assert.
  ^
../../fmc_imageon_gs_bsp/ps7_cortexa9_0/include/xbasic_types.h:116:2: warning: #warning Please refer the Standalone BSP UG647 for further details [-Wcpp]
 #warning  Please refer the Standalone BSP UG647 for further details
  ^
In file included from ../src/demo.h:8:0,
                 from ../src/main.c:8:
../../fmc_imageon_gs_bsp/ps7_cortexa9_0/include/fmc_imageon.h:3:1: warning: multi-line comment [-Wcomment]
 //     /     \
 ^
In file included from ../../fmc_imageon_gs_bsp/ps7_cortexa9_0/include/fmc_imageon.h:78:0,
                 from ../src/demo.h:8,
                 from ../src/main.c:8:
../../fmc_imageon_gs_bsp/ps7_cortexa9_0/include/fmc_iic.h:3:1: warning: multi-line comment [-Wcomment]
 //     /     \
 ^
In file included from ../src/demo.h:13:0,
                 from ../src/main.c:8:
../../fmc_imageon_gs_bsp/ps7_cortexa9_0/include/onsemi_vita_sw.h:3:1: warning: multi-line comment [-Wcomment]
 //     /     \
 ^
In file included from ../src/main.c:9:0:
../src/avnet_console.h:3:1: warning: multi-line comment [-Wcomment]
 //     /     \
 ^
../src/main.c: In function 'main':
../src/main.c:42:2: warning: implicit declaration of function 'print_avnet_console_serial_app_header' [-Wimplicit-function-declaration]
  print_avnet_console_serial_app_header();
  ^
../src/main.c:43:2: warning: implicit declaration of function 'start_avnet_console_serial_application' [-Wimplicit-function-declaration]
  start_avnet_console_serial_application();
  ^
../src/main.c:46:3: warning: implicit declaration of function 'transfer_avnet_console_serial_data' [-Wimplicit-function-declaration]
   if (transfer_avnet_console_serial_data()) {
   ^
'Finished building: ../src/main.c'
' '
'Building file: ../src/sleep.c'
'Invoking: ARM gcc compiler'
arm-xilinx-eabi-gcc -Wall -O0 -g3 -c -fmessage-length=0 -MT"src/sleep.o" -I../../fmc_imageon_gs_bsp/ps7_cortexa9_0/include -MMD -MP -MF"src/sleep.d" -MT"src/sleep.d" -o "src/sleep.o" "../src/sleep.c"
../src/sleep.c: In function 'usleep':
../src/sleep.c:31:3: warning: 'return' with a value, in function returning void
   return 0;
   ^
../src/sleep.c:36:3: warning: 'return' with a value, in function returning void
   return -1;
   ^
../src/sleep.c:89:5: warning: implicit declaration of function 'xil_printf' [-Wimplicit-function-declaration]
     xil_printf( "[usleep] ERROR : function terminated too early ...\r\n" );
     ^
../src/sleep.c:90:8: warning: 'return' with a value, in function returning void
        return -1;
        ^
'Finished building: ../src/sleep.c'
' '
'Building file: ../src/xaxivdma_ext.c'
'Invoking: ARM gcc compiler'
arm-xilinx-eabi-gcc -Wall -O0 -g3 -c -fmessage-length=0 -MT"src/xaxivdma_ext.o" -I../../fmc_imageon_gs_bsp/ps7_cortexa9_0/include -MMD -MP -MF"src/xaxivdma_ext.d" -MT"src/xaxivdma_ext.d" -o "src/xaxivdma_ext.o" "../src/xaxivdma_ext.c"
'Finished building: ../src/xaxivdma_ext.c'
' '
'Building target: fmc_imageon_gs_app.elf'
'Invoking: ARM gcc linker'
arm-xilinx-eabi-gcc -Wl,-T -Wl,../src/lscript.ld -L../../fmc_imageon_gs_bsp/ps7_cortexa9_0/lib -o "fmc_imageon_gs_app.elf"  ./src/avnet_console.o ./src/avnet_console_scanput.o ./src/avnet_console_serial.o ./src/avnet_console_tokenize.o ./src/demo.o ./src/edid_fmc_imageon.o ./src/main.o ./src/sleep.o ./src/xaxivdma_ext.o   -Wl,--start-group,-lxil,-lgcc,-lc,--end-group
'Finished building target: fmc_imageon_gs_app.elf'
' '
'Invoking: ARM Print Size'
arm-xilinx-eabi-size fmc_imageon_gs_app.elf  |tee "fmc_imageon_gs_app.elf.size"
   text	   data	    bss	    dec	    hex	filename
  80856	   3400	  28848	 113104	  1b9d0	fmc_imageon_gs_app.elf
'Finished building: fmc_imageon_gs_app.elf.size'
' '

20:19:02 Build Finished (took 2s.728ms)

