Copyright 1986-2015 Xilinx, Inc. All Rights Reserved.
---------------------------------------------------------------------------------------------------------------------------------------
| Tool Version : Vivado v.2015.4 (win64) Build 1412921 Wed Nov 18 09:43:45 MST 2015
| Date         : Thu Nov 03 23:05:33 2016
| Host         : user-PC running 64-bit Service Pack 1  (build 7601)
| Command      : report_utilization -file fmc_imageon_gs_wrapper_utilization_synth.rpt -pb fmc_imageon_gs_wrapper_utilization_synth.pb
| Design       : fmc_imageon_gs_wrapper
| Device       : 7z020clg484-1
| Design State : Synthesized
---------------------------------------------------------------------------------------------------------------------------------------

Utilization Design Information

Table of Contents
-----------------
1. Slice Logic
1.1 Summary of Registers by Type
2. Memory
3. DSP
4. IO and GT Specific
5. Clocking
6. Specific Feature
7. Primitives
8. Black Boxes
9. Instantiated Netlists

1. Slice Logic
--------------

+----------------------------+-------+-------+-----------+-------+
|          Site Type         |  Used | Fixed | Available | Util% |
+----------------------------+-------+-------+-----------+-------+
| Slice LUTs*                | 18139 |     0 |     53200 | 34.10 |
|   LUT as Logic             | 16703 |     0 |     53200 | 31.40 |
|   LUT as Memory            |  1436 |     0 |     17400 |  8.25 |
|     LUT as Distributed RAM |   223 |     0 |           |       |
|     LUT as Shift Register  |  1213 |     0 |           |       |
| Slice Registers            | 23426 |    34 |    106400 | 22.02 |
|   Register as Flip Flop    | 23426 |    34 |    106400 | 22.02 |
|   Register as Latch        |     0 |     0 |    106400 |  0.00 |
| F7 Muxes                   |   253 |     0 |     26600 |  0.95 |
| F8 Muxes                   |    37 |     0 |     13300 |  0.28 |
+----------------------------+-------+-------+-----------+-------+
* Warning! The Final LUT count, after physical optimizations and full implementation, is typically lower. Run opt_design after synthesis, if not already completed, for a more realistic count.


1.1 Summary of Registers by Type
--------------------------------

+-------+--------------+-------------+--------------+
| Total | Clock Enable | Synchronous | Asynchronous |
+-------+--------------+-------------+--------------+
| 0     |            _ |           - |            - |
| 0     |            _ |           - |          Set |
| 0     |            _ |           - |        Reset |
| 0     |            _ |         Set |            - |
| 0     |            _ |       Reset |            - |
| 0     |          Yes |           - |            - |
| 802   |          Yes |           - |          Set |
| 2325  |          Yes |           - |        Reset |
| 552   |          Yes |         Set |            - |
| 19747 |          Yes |       Reset |            - |
+-------+--------------+-------------+--------------+


2. Memory
---------

+-------------------+------+-------+-----------+-------+
|     Site Type     | Used | Fixed | Available | Util% |
+-------------------+------+-------+-----------+-------+
| Block RAM Tile    | 45.5 |     0 |       140 | 32.50 |
|   RAMB36/FIFO*    |   39 |     0 |       140 | 27.86 |
|     FIFO36E1 only |    7 |       |           |       |
|     RAMB36E1 only |   32 |       |           |       |
|   RAMB18          |   13 |     0 |       280 |  4.64 |
|     FIFO18E1 only |    5 |       |           |       |
|     RAMB18E1 only |    8 |       |           |       |
+-------------------+------+-------+-----------+-------+
* Note: Each Block RAM Tile only has one FIFO logic available and therefore can accommodate only one FIFO36E1 or one FIFO18E1. However, if a FIFO18E1 occupies a Block RAM Tile, that tile can still accommodate a RAMB18E1


3. DSP
------

+----------------+------+-------+-----------+-------+
|    Site Type   | Used | Fixed | Available | Util% |
+----------------+------+-------+-----------+-------+
| DSPs           |   16 |     0 |       220 |  7.27 |
|   DSP48E1 only |   16 |       |           |       |
+----------------+------+-------+-----------+-------+


4. IO and GT Specific
---------------------

+-----------------------------+------+-------+-----------+--------+
|          Site Type          | Used | Fixed | Available |  Util% |
+-----------------------------+------+-------+-----------+--------+
| Bonded IOB                  |   63 |     0 |       200 |  31.50 |
| Bonded IPADs                |    0 |     0 |         2 |   0.00 |
| Bonded IOPADs               |  130 |     0 |       130 | 100.00 |
| PHY_CONTROL                 |    0 |     0 |         4 |   0.00 |
| PHASER_REF                  |    0 |     0 |         4 |   0.00 |
| OUT_FIFO                    |    0 |     0 |        16 |   0.00 |
| IN_FIFO                     |    0 |     0 |        16 |   0.00 |
| IDELAYCTRL                  |    1 |     0 |         4 |  25.00 |
| IBUFGDS                     |    0 |     0 |       192 |   0.00 |
| PHASER_OUT/PHASER_OUT_PHY   |    0 |     0 |        16 |   0.00 |
| PHASER_IN/PHASER_IN_PHY     |    0 |     0 |        16 |   0.00 |
| IDELAYE2/IDELAYE2_FINEDELAY |    5 |     0 |       200 |   2.50 |
|   IDELAYE2 only             |    5 |     0 |           |        |
| ILOGIC                      |   10 |     0 |       200 |   5.00 |
|   ISERDES                   |   10 |       |           |        |
| OLOGIC                      |    4 |     0 |       200 |   2.00 |
|   ODDR                      |    4 |       |           |        |
+-----------------------------+------+-------+-----------+--------+


5. Clocking
-----------

+--------------+------+-------+-----------+-------+
|   Site Type  | Used | Fixed | Available | Util% |
+--------------+------+-------+-----------+-------+
| BUFGCTRL     |    6 |     0 |        32 | 18.75 |
| BUFIO        |    1 |     0 |        16 |  6.25 |
|   BUFIO only |    1 |     0 |           |       |
| MMCME2_ADV   |    0 |     0 |         4 |  0.00 |
| PLLE2_ADV    |    0 |     0 |         4 |  0.00 |
| BUFMRCE      |    0 |     0 |         8 |  0.00 |
| BUFHCE       |    0 |     0 |        72 |  0.00 |
| BUFR         |    2 |     0 |        16 | 12.50 |
+--------------+------+-------+-----------+-------+


6. Specific Feature
-------------------

+-------------+------+-------+-----------+-------+
|  Site Type  | Used | Fixed | Available | Util% |
+-------------+------+-------+-----------+-------+
| BSCANE2     |    0 |     0 |         4 |  0.00 |
| CAPTUREE2   |    0 |     0 |         1 |  0.00 |
| DNA_PORT    |    0 |     0 |         1 |  0.00 |
| EFUSE_USR   |    0 |     0 |         1 |  0.00 |
| FRAME_ECCE2 |    0 |     0 |         1 |  0.00 |
| ICAPE2      |    0 |     0 |         2 |  0.00 |
| STARTUPE2   |    0 |     0 |         1 |  0.00 |
| XADC        |    0 |     0 |         1 |  0.00 |
+-------------+------+-------+-----------+-------+


7. Primitives
-------------

+------------+-------+----------------------+
|  Ref Name  |  Used |  Functional Category |
+------------+-------+----------------------+
| FDRE       | 19747 |         Flop & Latch |
| LUT6       |  5123 |                  LUT |
| LUT3       |  3440 |                  LUT |
| LUT2       |  3402 |                  LUT |
| LUT4       |  3188 |                  LUT |
| FDCE       |  2325 |         Flop & Latch |
| LUT5       |  2214 |                  LUT |
| LUT1       |  1921 |                  LUT |
| CARRY4     |  1356 |           CarryLogic |
| SRL16E     |  1119 |   Distributed Memory |
| FDPE       |   802 |         Flop & Latch |
| FDSE       |   552 |         Flop & Latch |
| RAMD32     |   328 |   Distributed Memory |
| MUXF7      |   253 |                MuxFx |
| BIBUF      |   130 |                   IO |
| RAMS32     |   108 |   Distributed Memory |
| SRLC32E    |    94 |   Distributed Memory |
| MUXF8      |    37 |                MuxFx |
| RAMB36E1   |    32 |         Block Memory |
| OBUFT      |    28 |                   IO |
| IBUF       |    24 |                   IO |
| DSP48E1    |    16 |     Block Arithmetic |
| ISERDESE2  |    10 |                   IO |
| RAMB18E1   |     8 |         Block Memory |
| FIFO36E1   |     7 |         Block Memory |
| IBUFDS     |     6 |                   IO |
| IDELAYE2   |     5 |                   IO |
| FIFO18E1   |     5 |         Block Memory |
| BUFG       |     5 |                Clock |
| ODDR       |     4 |                   IO |
| RAMS64E    |     3 |   Distributed Memory |
| BUFR       |     2 |                Clock |
| PS7        |     1 | Specialized Resource |
| OBUF       |     1 |                   IO |
| IDELAYCTRL |     1 |                   IO |
| BUFIO      |     1 |                Clock |
| BUFGCTRL   |     1 |                Clock |
+------------+-------+----------------------+


8. Black Boxes
--------------

+----------+------+
| Ref Name | Used |
+----------+------+


9. Instantiated Netlists
------------------------

+----------+------+
| Ref Name | Used |
+----------+------+


