#-----------------------------------------------------------
# Vivado v2013.1 (64-bit)
# Build 242259 by xbuild on Sun Mar  3 16:45:49 MST 2013
# Start of session at: Mon Mar  4 16:29:59 2013
# Process ID: 20475
# Log file: /group/mvico/users/elzinga/designs/zc702_hdmi_out/vivado.log
# Journal file: /group/mvico/users/elzinga/designs/zc702_hdmi_out/vivado.jou
#-----------------------------------------------------------
start_gui
create_project project_1 /group/mvico/users/elzinga/designs/zc702_hdmi_out/project_1 -part xc7z020clg484-1
set_property board xilinx.com:zynq:zc702:c [current_project]
add_files -norecurse /group/mvico/users/elzinga/designs/zc702_hdmi_out/zc702_hdmi_out.vhd
import_files -force -norecurse
update_compile_order -fileset sources_1
update_compile_order -fileset sim_1
launch_runs synth_1
wait_on_run synth_1
launch_runs impl_1
wait_on_run impl_1
ipx::package_project -root_dir {/group/mvico/users/elzinga/designs/zc702_hdmi_out/project_1}
set_property library {user} [ipx::current_core]
set_property version {1.3} [ipx::current_core]
set_property display_name {zc702_hdmi_out_v1_3} [ipx::current_core]
set_property description {zc702_hdmi_out_v1_3} [ipx::current_core]
set_property taxonomy {{/Video_&_Image_Processing}} [ipx::current_core]
ipx::check_integrity [ipx::current_core]
ipx::archive_core {/group/mvico/users/elzinga/designs/zc702_hdmi_out/project_1/xilinx.com_user_zc702_hdmi_out_1.3.zip} [ipx::current_core]
