17:32:56 **** Auto Build of configuration Debug for project dual_camera_hdmi ****
make all 
'Building file: ../src/demo.c'
'Invoking: ARM gcc compiler'
arm-xilinx-eabi-gcc -Wall -O0 -g3 -I../../dual_camera_hdmi_bsp/ps7_cortexa9_0/include -c -fmessage-length=0 -MT"src/demo.o" -MMD -MP -MF"src/demo.d" -MT"src/demo.d" -o "src/demo.o" "../src/demo.c"
In file included from ../src/demo.h:7:0,
                 from ../src/demo.c:1:
../../dual_camera_hdmi_bsp/ps7_cortexa9_0/include/fmc_iic.h:3:1: warning: multi-line comment [-Wcomment]
 //     /     \
 ^
In file included from ../../dual_camera_hdmi_bsp/ps7_cortexa9_0/include/fmc_iic.h:57:0,
                 from ../src/demo.h:7,
                 from ../src/demo.c:1:
../../dual_camera_hdmi_bsp/ps7_cortexa9_0/include/xbasic_types.h:115:2: warning: #warning The xbasics_type.h file is deprecated and users should use xil_types.h and xil_assert. [-Wcpp]
 #warning  The xbasics_type.h file is deprecated and users should use xil_types.h and xil_assert.
  ^
../../dual_camera_hdmi_bsp/ps7_cortexa9_0/include/xbasic_types.h:116:2: warning: #warning Please refer the Standalone BSP UG647 for further details [-Wcpp]
 #warning  Please refer the Standalone BSP UG647 for further details
  ^
In file included from ../src/demo.h:8:0,
                 from ../src/demo.c:1:
../../dual_camera_hdmi_bsp/ps7_cortexa9_0/include/fmc_imageon.h:3:1: warning: multi-line comment [-Wcomment]
 //     /     \
 ^
In file included from ../../dual_camera_hdmi_bsp/ps7_cortexa9_0/include/fmc_imageon.h:78:0,
                 from ../src/demo.h:8,
                 from ../src/demo.c:1:
../../dual_camera_hdmi_bsp/ps7_cortexa9_0/include/fmc_iic.h:3:1: warning: multi-line comment [-Wcomment]
 //     /     \
 ^
In file included from ../src/demo.h:13:0,
                 from ../src/demo.c:1:
../../dual_camera_hdmi_bsp/ps7_cortexa9_0/include/onsemi_vita_sw.h:3:1: warning: multi-line comment [-Wcomment]
 //     /     \
 ^
../src/demo.c: In function 'demo_init_R':
../src/demo.c:39:4: warning: implicit declaration of function 'exit' [-Wimplicit-function-declaration]
    exit(0);
    ^
../src/demo.c:39:4: warning: incompatible implicit declaration of built-in function 'exit'
../src/demo.c: In function 'demo_init_L':
../src/demo.c:125:4: warning: incompatible implicit declaration of built-in function 'exit'
    exit(0);
    ^
../src/demo.c: In function 'demo_init_frame_buffer':
../src/demo.c:343:4: warning: implicit declaration of function 'Xil_DCacheFlush' [-Wimplicit-function-declaration]
    Xil_DCacheFlush();
    ^
../src/demo.c:311:22: warning: unused variable 'pStorageMem2' [-Wunused-variable]
    volatile Xuint16 *pStorageMem2 = (Xuint16 *)0x18000000;
                      ^
'Finished building: ../src/demo.c'
' '
'Building file: ../src/edid_fmc_imageon.c'
'Invoking: ARM gcc compiler'
arm-xilinx-eabi-gcc -Wall -O0 -g3 -I../../dual_camera_hdmi_bsp/ps7_cortexa9_0/include -c -fmessage-length=0 -MT"src/edid_fmc_imageon.o" -MMD -MP -MF"src/edid_fmc_imageon.d" -MT"src/edid_fmc_imageon.d" -o "src/edid_fmc_imageon.o" "../src/edid_fmc_imageon.c"
In file included from ../src/demo.h:7:0,
                 from ../src/edid_fmc_imageon.c:2:
../../dual_camera_hdmi_bsp/ps7_cortexa9_0/include/fmc_iic.h:3:1: warning: multi-line comment [-Wcomment]
 //     /     \
 ^
In file included from ../../dual_camera_hdmi_bsp/ps7_cortexa9_0/include/fmc_iic.h:57:0,
                 from ../src/demo.h:7,
                 from ../src/edid_fmc_imageon.c:2:
../../dual_camera_hdmi_bsp/ps7_cortexa9_0/include/xbasic_types.h:115:2: warning: #warning The xbasics_type.h file is deprecated and users should use xil_types.h and xil_assert. [-Wcpp]
 #warning  The xbasics_type.h file is deprecated and users should use xil_types.h and xil_assert.
  ^
../../dual_camera_hdmi_bsp/ps7_cortexa9_0/include/xbasic_types.h:116:2: warning: #warning Please refer the Standalone BSP UG647 for further details [-Wcpp]
 #warning  Please refer the Standalone BSP UG647 for further details
  ^
In file included from ../src/demo.h:8:0,
                 from ../src/edid_fmc_imageon.c:2:
../../dual_camera_hdmi_bsp/ps7_cortexa9_0/include/fmc_imageon.h:3:1: warning: multi-line comment [-Wcomment]
 //     /     \
 ^
In file included from ../../dual_camera_hdmi_bsp/ps7_cortexa9_0/include/fmc_imageon.h:78:0,
                 from ../src/demo.h:8,
                 from ../src/edid_fmc_imageon.c:2:
../../dual_camera_hdmi_bsp/ps7_cortexa9_0/include/fmc_iic.h:3:1: warning: multi-line comment [-Wcomment]
 //     /     \
 ^
In file included from ../src/demo.h:13:0,
                 from ../src/edid_fmc_imageon.c:2:
../../dual_camera_hdmi_bsp/ps7_cortexa9_0/include/onsemi_vita_sw.h:3:1: warning: multi-line comment [-Wcomment]
 //     /     \
 ^
'Finished building: ../src/edid_fmc_imageon.c'
' '
'Building file: ../src/main.c'
'Invoking: ARM gcc compiler'
arm-xilinx-eabi-gcc -Wall -O0 -g3 -I../../dual_camera_hdmi_bsp/ps7_cortexa9_0/include -c -fmessage-length=0 -MT"src/main.o" -MMD -MP -MF"src/main.d" -MT"src/main.d" -o "src/main.o" "../src/main.c"
In file included from ../src/demo.h:7:0,
                 from ../src/main.c:8:
../../dual_camera_hdmi_bsp/ps7_cortexa9_0/include/fmc_iic.h:3:1: warning: multi-line comment [-Wcomment]
 //     /     \
 ^
In file included from ../../dual_camera_hdmi_bsp/ps7_cortexa9_0/include/fmc_iic.h:57:0,
                 from ../src/demo.h:7,
                 from ../src/main.c:8:
../../dual_camera_hdmi_bsp/ps7_cortexa9_0/include/xbasic_types.h:115:2: warning: #warning The xbasics_type.h file is deprecated and users should use xil_types.h and xil_assert. [-Wcpp]
 #warning  The xbasics_type.h file is deprecated and users should use xil_types.h and xil_assert.
  ^
../../dual_camera_hdmi_bsp/ps7_cortexa9_0/include/xbasic_types.h:116:2: warning: #warning Please refer the Standalone BSP UG647 for further details [-Wcpp]
 #warning  Please refer the Standalone BSP UG647 for further details
  ^
In file included from ../src/demo.h:8:0,
                 from ../src/main.c:8:
../../dual_camera_hdmi_bsp/ps7_cortexa9_0/include/fmc_imageon.h:3:1: warning: multi-line comment [-Wcomment]
 //     /     \
 ^
In file included from ../../dual_camera_hdmi_bsp/ps7_cortexa9_0/include/fmc_imageon.h:78:0,
                 from ../src/demo.h:8,
                 from ../src/main.c:8:
../../dual_camera_hdmi_bsp/ps7_cortexa9_0/include/fmc_iic.h:3:1: warning: multi-line comment [-Wcomment]
 //     /     \
 ^
In file included from ../src/demo.h:13:0,
                 from ../src/main.c:8:
../../dual_camera_hdmi_bsp/ps7_cortexa9_0/include/onsemi_vita_sw.h:3:1: warning: multi-line comment [-Wcomment]
 //     /     \
 ^
'Finished building: ../src/main.c'
' '
'Building file: ../src/platform.c'
'Invoking: ARM gcc compiler'
arm-xilinx-eabi-gcc -Wall -O0 -g3 -I../../dual_camera_hdmi_bsp/ps7_cortexa9_0/include -c -fmessage-length=0 -MT"src/platform.o" -MMD -MP -MF"src/platform.d" -MT"src/platform.d" -o "src/platform.o" "../src/platform.c"
'Finished building: ../src/platform.c'
' '
'Building file: ../src/sleep.c'
'Invoking: ARM gcc compiler'
arm-xilinx-eabi-gcc -Wall -O0 -g3 -I../../dual_camera_hdmi_bsp/ps7_cortexa9_0/include -c -fmessage-length=0 -MT"src/sleep.o" -MMD -MP -MF"src/sleep.d" -MT"src/sleep.d" -o "src/sleep.o" "../src/sleep.c"
../src/sleep.c: In function 'usleep':
../src/sleep.c:31:3: warning: 'return' with a value, in function returning void
   return 0;
   ^
../src/sleep.c:36:3: warning: 'return' with a value, in function returning void
   return -1;
   ^
../src/sleep.c:89:5: warning: implicit declaration of function 'xil_printf' [-Wimplicit-function-declaration]
     xil_printf( "[usleep] ERROR : function terminated too early ...\r\n" );
     ^
../src/sleep.c:90:8: warning: 'return' with a value, in function returning void
        return -1;
        ^
'Finished building: ../src/sleep.c'
' '
'Building file: ../src/video_generator.c'
'Invoking: ARM gcc compiler'
arm-xilinx-eabi-gcc -Wall -O0 -g3 -I../../dual_camera_hdmi_bsp/ps7_cortexa9_0/include -c -fmessage-length=0 -MT"src/video_generator.o" -MMD -MP -MF"src/video_generator.d" -MT"src/video_generator.d" -o "src/video_generator.o" "../src/video_generator.c"
../src/video_generator.c:3:1: warning: multi-line comment [-Wcomment]
 //     /     \
 ^
In file included from ../src/video_generator.c:46:0:
../src/video_generator.h:3:1: warning: multi-line comment [-Wcomment]
 //     /     \
 ^
In file included from ../src/video_generator.c:47:0:
../src/video_resolution.h:3:1: warning: multi-line comment [-Wcomment]
 //     /     \
 ^
In file included from ../src/video_resolution.h:51:0,
                 from ../src/video_generator.c:47:
../../dual_camera_hdmi_bsp/ps7_cortexa9_0/include/xbasic_types.h:115:2: warning: #warning The xbasics_type.h file is deprecated and users should use xil_types.h and xil_assert. [-Wcpp]
 #warning  The xbasics_type.h file is deprecated and users should use xil_types.h and xil_assert.
  ^
../../dual_camera_hdmi_bsp/ps7_cortexa9_0/include/xbasic_types.h:116:2: warning: #warning Please refer the Standalone BSP UG647 for further details [-Wcpp]
 #warning  Please refer the Standalone BSP UG647 for further details
  ^
'Finished building: ../src/video_generator.c'
' '
'Building file: ../src/video_resolution.c'
'Invoking: ARM gcc compiler'
arm-xilinx-eabi-gcc -Wall -O0 -g3 -I../../dual_camera_hdmi_bsp/ps7_cortexa9_0/include -c -fmessage-length=0 -MT"src/video_resolution.o" -MMD -MP -MF"src/video_resolution.d" -MT"src/video_resolution.d" -o "src/video_resolution.o" "../src/video_resolution.c"
../src/video_resolution.c:3:1: warning: multi-line comment [-Wcomment]
 //     /     \
 ^
In file included from ../src/video_resolution.c:49:0:
../src/video_resolution.h:3:1: warning: multi-line comment [-Wcomment]
 //     /     \
 ^
In file included from ../src/video_resolution.h:51:0,
                 from ../src/video_resolution.c:49:
../../dual_camera_hdmi_bsp/ps7_cortexa9_0/include/xbasic_types.h:115:2: warning: #warning The xbasics_type.h file is deprecated and users should use xil_types.h and xil_assert. [-Wcpp]
 #warning  The xbasics_type.h file is deprecated and users should use xil_types.h and xil_assert.
  ^
../../dual_camera_hdmi_bsp/ps7_cortexa9_0/include/xbasic_types.h:116:2: warning: #warning Please refer the Standalone BSP UG647 for further details [-Wcpp]
 #warning  Please refer the Standalone BSP UG647 for further details
  ^
'Finished building: ../src/video_resolution.c'
' '
'Building file: ../src/xaxivdma_ext.c'
'Invoking: ARM gcc compiler'
arm-xilinx-eabi-gcc -Wall -O0 -g3 -I../../dual_camera_hdmi_bsp/ps7_cortexa9_0/include -c -fmessage-length=0 -MT"src/xaxivdma_ext.o" -MMD -MP -MF"src/xaxivdma_ext.d" -MT"src/xaxivdma_ext.d" -o "src/xaxivdma_ext.o" "../src/xaxivdma_ext.c"
In file included from ../src/demo.h:7:0,
                 from ../src/xaxivdma_ext.h:5,
                 from ../src/xaxivdma_ext.c:1:
../../dual_camera_hdmi_bsp/ps7_cortexa9_0/include/fmc_iic.h:3:1: warning: multi-line comment [-Wcomment]
 //     /     \
 ^
In file included from ../../dual_camera_hdmi_bsp/ps7_cortexa9_0/include/fmc_iic.h:57:0,
                 from ../src/demo.h:7,
                 from ../src/xaxivdma_ext.h:5,
                 from ../src/xaxivdma_ext.c:1:
../../dual_camera_hdmi_bsp/ps7_cortexa9_0/include/xbasic_types.h:115:2: warning: #warning The xbasics_type.h file is deprecated and users should use xil_types.h and xil_assert. [-Wcpp]
 #warning  The xbasics_type.h file is deprecated and users should use xil_types.h and xil_assert.
  ^
../../dual_camera_hdmi_bsp/ps7_cortexa9_0/include/xbasic_types.h:116:2: warning: #warning Please refer the Standalone BSP UG647 for further details [-Wcpp]
 #warning  Please refer the Standalone BSP UG647 for further details
  ^
In file included from ../src/demo.h:8:0,
                 from ../src/xaxivdma_ext.h:5,
                 from ../src/xaxivdma_ext.c:1:
../../dual_camera_hdmi_bsp/ps7_cortexa9_0/include/fmc_imageon.h:3:1: warning: multi-line comment [-Wcomment]
 //     /     \
 ^
In file included from ../../dual_camera_hdmi_bsp/ps7_cortexa9_0/include/fmc_imageon.h:78:0,
                 from ../src/demo.h:8,
                 from ../src/xaxivdma_ext.h:5,
                 from ../src/xaxivdma_ext.c:1:
../../dual_camera_hdmi_bsp/ps7_cortexa9_0/include/fmc_iic.h:3:1: warning: multi-line comment [-Wcomment]
 //     /     \
 ^
In file included from ../src/demo.h:13:0,
                 from ../src/xaxivdma_ext.h:5,
                 from ../src/xaxivdma_ext.c:1:
../../dual_camera_hdmi_bsp/ps7_cortexa9_0/include/onsemi_vita_sw.h:3:1: warning: multi-line comment [-Wcomment]
 //     /     \
 ^
'Finished building: ../src/xaxivdma_ext.c'
' '
'Building target: dual_camera_hdmi.elf'
'Invoking: ARM gcc linker'
arm-xilinx-eabi-gcc -L../../dual_camera_hdmi_bsp/ps7_cortexa9_0/lib -Wl,-T -Wl,../src/lscript.ld -o "dual_camera_hdmi.elf"  ./src/demo.o ./src/edid_fmc_imageon.o ./src/main.o ./src/platform.o ./src/sleep.o ./src/video_generator.o ./src/video_resolution.o ./src/xaxivdma_ext.o   -Wl,--start-group,-lxil,-lgcc,-lc,--end-group
'Finished building target: dual_camera_hdmi.elf'
' '
'Invoking: ARM Print Size'
arm-xilinx-eabi-size dual_camera_hdmi.elf  |tee "dual_camera_hdmi.elf.size"
   text	   data	    bss	    dec	    hex	filename
  95776	   5112	  34512	 135400	  210e8	dual_camera_hdmi.elf
'Finished building: dual_camera_hdmi.elf.size'
' '

17:32:58 Build Finished (took 2s.775ms)

