#-----------------------------------------------------------
# Vivado v2015.4 (64-bit)
# SW Build 1412921 on Wed Nov 18 09:43:45 MST 2015
# IP Build 1412160 on Tue Nov 17 13:47:24 MST 2015
# Start of session at: Wed Dec 07 17:05:47 2016
# Process ID: 11216
# Current directory: D:/Xilinx_Project/FMC_IMAGEON_CAMERA/Projects/fmc_imageon_gs/ZC702
# Command line: vivado.exe -gui_launcher_event rodinguilauncherevent1040 D:\Xilinx_Project\FMC_IMAGEON_CAMERA\Projects\fmc_imageon_gs\ZC702\fmc_imageon_gs.xpr
# Log file: D:/Xilinx_Project/FMC_IMAGEON_CAMERA/Projects/fmc_imageon_gs/ZC702/vivado.log
# Journal file: D:/Xilinx_Project/FMC_IMAGEON_CAMERA/Projects/fmc_imageon_gs/ZC702\vivado.jou
#-----------------------------------------------------------
start_gui
open_project D:/Xilinx_Project/FMC_IMAGEON_CAMERA/Projects/fmc_imageon_gs/ZC702/fmc_imageon_gs.xpr
open_bd_design {D:/Xilinx_Project/FMC_IMAGEON_CAMERA/Projects/fmc_imageon_gs/ZC702/fmc_imageon_gs.srcs/sources_1/bd/fmc_imageon_gs/fmc_imageon_gs.bd}
launch_sdk -workspace D:/Xilinx_Project/FMC_IMAGEON_CAMERA/Projects/fmc_imageon_gs/ZC702/fmc_imageon_gs.sdk -hwspec D:/Xilinx_Project/FMC_IMAGEON_CAMERA/Projects/fmc_imageon_gs/ZC702/fmc_imageon_gs.sdk/fmc_imageon_gs_wrapper.hdf
launch_sdk -workspace D:/Xilinx_Project/FMC_IMAGEON_CAMERA/Projects/fmc_imageon_gs/ZC702/fmc_imageon_gs.sdk -hwspec D:/Xilinx_Project/FMC_IMAGEON_CAMERA/Projects/fmc_imageon_gs/ZC702/fmc_imageon_gs.sdk/fmc_imageon_gs_wrapper.hdf
launch_sdk -workspace D:/Xilinx_Project/FMC_IMAGEON_CAMERA/Projects/fmc_imageon_gs/ZC702/fmc_imageon_gs.sdk -hwspec D:/Xilinx_Project/FMC_IMAGEON_CAMERA/Projects/fmc_imageon_gs/ZC702/fmc_imageon_gs.sdk/fmc_imageon_gs_wrapper.hdf
