16:05:32 **** Build of project sd_card_control_bsp ****
make -k all 
"Running Make include in ps7_cortexa9_0/libsrc/coresightps_dcc_v1_2/src"
make -C ps7_cortexa9_0/libsrc/coresightps_dcc_v1_2/src -s include  "SHELL=CMD" "COMPILER=arm-xilinx-eabi-gcc" "ARCHIVER=arm-xilinx-eabi-ar" "COMPILER_FLAGS=  -O2 -c" "EXTRA_COMPILER_FLAGS=-g"
"Running Make include in ps7_cortexa9_0/libsrc/cpu_cortexa9_v2_1/src"
make -C ps7_cortexa9_0/libsrc/cpu_cortexa9_v2_1/src -s include  "SHELL=CMD" "COMPILER=arm-xilinx-eabi-gcc" "ARCHIVER=arm-xilinx-eabi-ar" "COMPILER_FLAGS=  -O2 -c" "EXTRA_COMPILER_FLAGS=-g"
"Running Make include in ps7_cortexa9_0/libsrc/ddrps_v1_0/src"
make -C ps7_cortexa9_0/libsrc/ddrps_v1_0/src -s include  "SHELL=CMD" "COMPILER=arm-xilinx-eabi-gcc" "ARCHIVER=arm-xilinx-eabi-ar" "COMPILER_FLAGS=  -O2 -c" "EXTRA_COMPILER_FLAGS=-g"
"Running Make include in ps7_cortexa9_0/libsrc/devcfg_v3_3/src"
make -C ps7_cortexa9_0/libsrc/devcfg_v3_3/src -s include  "SHELL=CMD" "COMPILER=arm-xilinx-eabi-gcc" "ARCHIVER=arm-xilinx-eabi-ar" "COMPILER_FLAGS=  -O2 -c" "EXTRA_COMPILER_FLAGS=-g"
"Running Make include in ps7_cortexa9_0/libsrc/dmaps_v2_1/src"
make -C ps7_cortexa9_0/libsrc/dmaps_v2_1/src -s include  "SHELL=CMD" "COMPILER=arm-xilinx-eabi-gcc" "ARCHIVER=arm-xilinx-eabi-ar" "COMPILER_FLAGS=  -O2 -c" "EXTRA_COMPILER_FLAGS=-g"
"Running Make include in ps7_cortexa9_0/libsrc/gpio_v4_0/src"
make -C ps7_cortexa9_0/libsrc/gpio_v4_0/src -s include  "SHELL=CMD" "COMPILER=arm-xilinx-eabi-gcc" "ARCHIVER=arm-xilinx-eabi-ar" "COMPILER_FLAGS=  -O2 -c" "EXTRA_COMPILER_FLAGS=-g"
"Running Make include in ps7_cortexa9_0/libsrc/scugic_v3_1/src"
make -C ps7_cortexa9_0/libsrc/scugic_v3_1/src -s include  "SHELL=CMD" "COMPILER=arm-xilinx-eabi-gcc" "ARCHIVER=arm-xilinx-eabi-ar" "COMPILER_FLAGS=  -O2 -c" "EXTRA_COMPILER_FLAGS=-g"
"Running Make include in ps7_cortexa9_0/libsrc/scutimer_v2_1/src"
make -C ps7_cortexa9_0/libsrc/scutimer_v2_1/src -s include  "SHELL=CMD" "COMPILER=arm-xilinx-eabi-gcc" "ARCHIVER=arm-xilinx-eabi-ar" "COMPILER_FLAGS=  -O2 -c" "EXTRA_COMPILER_FLAGS=-g"
"Running Make include in ps7_cortexa9_0/libsrc/scuwdt_v2_1/src"
make -C ps7_cortexa9_0/libsrc/scuwdt_v2_1/src -s include  "SHELL=CMD" "COMPILER=arm-xilinx-eabi-gcc" "ARCHIVER=arm-xilinx-eabi-ar" "COMPILER_FLAGS=  -O2 -c" "EXTRA_COMPILER_FLAGS=-g"
"Running Make include in ps7_cortexa9_0/libsrc/sdps_v2_6/src"
make -C ps7_cortexa9_0/libsrc/sdps_v2_6/src -s include  "SHELL=CMD" "COMPILER=arm-xilinx-eabi-gcc" "ARCHIVER=arm-xilinx-eabi-ar" "COMPILER_FLAGS=  -O2 -c" "EXTRA_COMPILER_FLAGS=-g"
"Running Make include in ps7_cortexa9_0/libsrc/standalone_v5_3/src"
make -C ps7_cortexa9_0/libsrc/standalone_v5_3/src -s include  "SHELL=CMD" "COMPILER=arm-xilinx-eabi-gcc" "ARCHIVER=arm-xilinx-eabi-ar" "COMPILER_FLAGS=  -O2 -c" "EXTRA_COMPILER_FLAGS=-g"
"Running Make include in ps7_cortexa9_0/libsrc/uartps_v3_1/src"
make -C ps7_cortexa9_0/libsrc/uartps_v3_1/src -s include  "SHELL=CMD" "COMPILER=arm-xilinx-eabi-gcc" "ARCHIVER=arm-xilinx-eabi-ar" "COMPILER_FLAGS=  -O2 -c" "EXTRA_COMPILER_FLAGS=-g"
"Running Make include in ps7_cortexa9_0/libsrc/xadcps_v2_2/src"
make -C ps7_cortexa9_0/libsrc/xadcps_v2_2/src -s include  "SHELL=CMD" "COMPILER=arm-xilinx-eabi-gcc" "ARCHIVER=arm-xilinx-eabi-ar" "COMPILER_FLAGS=  -O2 -c" "EXTRA_COMPILER_FLAGS=-g"
"Running Make libs in ps7_cortexa9_0/libsrc/coresightps_dcc_v1_2/src"
make -C ps7_cortexa9_0/libsrc/coresightps_dcc_v1_2/src -s libs  "SHELL=CMD" "COMPILER=arm-xilinx-eabi-gcc" "ARCHIVER=arm-xilinx-eabi-ar" "COMPILER_FLAGS=  -O2 -c" "EXTRA_COMPILER_FLAGS=-g"
"Compiling coresightps_dcc"
arm-xilinx-eabi-ar: creating ../../../lib/libxil.a
"Running Make libs in ps7_cortexa9_0/libsrc/cpu_cortexa9_v2_1/src"
make -C ps7_cortexa9_0/libsrc/cpu_cortexa9_v2_1/src -s libs  "SHELL=CMD" "COMPILER=arm-xilinx-eabi-gcc" "ARCHIVER=arm-xilinx-eabi-ar" "COMPILER_FLAGS=  -O2 -c" "EXTRA_COMPILER_FLAGS=-g"
"Compiling cpu_cortexa9"
"Running Make libs in ps7_cortexa9_0/libsrc/ddrps_v1_0/src"
make -C ps7_cortexa9_0/libsrc/ddrps_v1_0/src -s libs  "SHELL=CMD" "COMPILER=arm-xilinx-eabi-gcc" "ARCHIVER=arm-xilinx-eabi-ar" "COMPILER_FLAGS=  -O2 -c" "EXTRA_COMPILER_FLAGS=-g"
"Compiling ddrps"
"Running Make libs in ps7_cortexa9_0/libsrc/devcfg_v3_3/src"
make -C ps7_cortexa9_0/libsrc/devcfg_v3_3/src -s libs  "SHELL=CMD" "COMPILER=arm-xilinx-eabi-gcc" "ARCHIVER=arm-xilinx-eabi-ar" "COMPILER_FLAGS=  -O2 -c" "EXTRA_COMPILER_FLAGS=-g"
"Compiling devcfg"
"Running Make libs in ps7_cortexa9_0/libsrc/dmaps_v2_1/src"
make -C ps7_cortexa9_0/libsrc/dmaps_v2_1/src -s libs  "SHELL=CMD" "COMPILER=arm-xilinx-eabi-gcc" "ARCHIVER=arm-xilinx-eabi-ar" "COMPILER_FLAGS=  -O2 -c" "EXTRA_COMPILER_FLAGS=-g"
"Compiling dmaps"
"Running Make libs in ps7_cortexa9_0/libsrc/gpio_v4_0/src"
make -C ps7_cortexa9_0/libsrc/gpio_v4_0/src -s libs  "SHELL=CMD" "COMPILER=arm-xilinx-eabi-gcc" "ARCHIVER=arm-xilinx-eabi-ar" "COMPILER_FLAGS=  -O2 -c" "EXTRA_COMPILER_FLAGS=-g"
"Compiling gpio"
"Running Make libs in ps7_cortexa9_0/libsrc/scugic_v3_1/src"
make -C ps7_cortexa9_0/libsrc/scugic_v3_1/src -s libs  "SHELL=CMD" "COMPILER=arm-xilinx-eabi-gcc" "ARCHIVER=arm-xilinx-eabi-ar" "COMPILER_FLAGS=  -O2 -c" "EXTRA_COMPILER_FLAGS=-g"
"Compiling scugic"
"Running Make libs in ps7_cortexa9_0/libsrc/scutimer_v2_1/src"
make -C ps7_cortexa9_0/libsrc/scutimer_v2_1/src -s libs  "SHELL=CMD" "COMPILER=arm-xilinx-eabi-gcc" "ARCHIVER=arm-xilinx-eabi-ar" "COMPILER_FLAGS=  -O2 -c" "EXTRA_COMPILER_FLAGS=-g"
"Compiling scutimer"
"Running Make libs in ps7_cortexa9_0/libsrc/scuwdt_v2_1/src"
make -C ps7_cortexa9_0/libsrc/scuwdt_v2_1/src -s libs  "SHELL=CMD" "COMPILER=arm-xilinx-eabi-gcc" "ARCHIVER=arm-xilinx-eabi-ar" "COMPILER_FLAGS=  -O2 -c" "EXTRA_COMPILER_FLAGS=-g"
"Compiling scuwdt"
"Running Make libs in ps7_cortexa9_0/libsrc/sdps_v2_6/src"
make -C ps7_cortexa9_0/libsrc/sdps_v2_6/src -s libs  "SHELL=CMD" "COMPILER=arm-xilinx-eabi-gcc" "ARCHIVER=arm-xilinx-eabi-ar" "COMPILER_FLAGS=  -O2 -c" "EXTRA_COMPILER_FLAGS=-g"
"Compiling sdps"
"Running Make libs in ps7_cortexa9_0/libsrc/standalone_v5_3/src"
make -C ps7_cortexa9_0/libsrc/standalone_v5_3/src -s libs  "SHELL=CMD" "COMPILER=arm-xilinx-eabi-gcc" "ARCHIVER=arm-xilinx-eabi-ar" "COMPILER_FLAGS=  -O2 -c" "EXTRA_COMPILER_FLAGS=-g"
"Compiling standalone"
"Running Make libs in ps7_cortexa9_0/libsrc/uartps_v3_1/src"
make -C ps7_cortexa9_0/libsrc/uartps_v3_1/src -s libs  "SHELL=CMD" "COMPILER=arm-xilinx-eabi-gcc" "ARCHIVER=arm-xilinx-eabi-ar" "COMPILER_FLAGS=  -O2 -c" "EXTRA_COMPILER_FLAGS=-g"
"Compiling uartps"
"Running Make libs in ps7_cortexa9_0/libsrc/xadcps_v2_2/src"
make -C ps7_cortexa9_0/libsrc/xadcps_v2_2/src -s libs  "SHELL=CMD" "COMPILER=arm-xilinx-eabi-gcc" "ARCHIVER=arm-xilinx-eabi-ar" "COMPILER_FLAGS=  -O2 -c" "EXTRA_COMPILER_FLAGS=-g"
"Compiling xadcps"
'Finished building libraries'
16:05:46 **** Build of configuration Debug for project sd_card_control ****
make all 
'Building file: ../src/helloworld.c'
'Invoking: ARM gcc compiler'
arm-xilinx-eabi-gcc -Wall -O0 -g3 -c -fmessage-length=0 -MT"src/helloworld.o" -I../../sd_card_control_bsp/ps7_cortexa9_0/include -MMD -MP -MF"src/helloworld.d" -MT"src/helloworld.d" -o "src/helloworld.o" "../src/helloworld.c"
'Finished building: ../src/helloworld.c'
' '
'Building file: ../src/platform.c'
'Invoking: ARM gcc compiler'
arm-xilinx-eabi-gcc -Wall -O0 -g3 -c -fmessage-length=0 -MT"src/platform.o" -I../../sd_card_control_bsp/ps7_cortexa9_0/include -MMD -MP -MF"src/platform.d" -MT"src/platform.d" -o "src/platform.o" "../src/platform.c"
'Finished building: ../src/platform.c'
' '
'Building target: sd_card_control.elf'
'Invoking: ARM gcc linker'
arm-xilinx-eabi-gcc -Wl,-T -Wl,../src/lscript.ld -L../../sd_card_control_bsp/ps7_cortexa9_0/lib -o "sd_card_control.elf"  ./src/helloworld.o ./src/platform.o   -Wl,--start-group,-lxil,-lgcc,-lc,--end-group
'Finished building target: sd_card_control.elf'
' '
'Invoking: ARM Print Size'
arm-xilinx-eabi-size sd_card_control.elf  |tee "sd_card_control.elf.size"
   text	   data	    bss	    dec	    hex	filename
  22888	   1152	  22564	  46604	   b60c	sd_card_control.elf
'Finished building: sd_card_control.elf.size'
' '
16:06:40 **** Auto Build of project sd_card_control_bsp ****
make -k all 
"Running Make include in ps7_cortexa9_0/libsrc/coresightps_dcc_v1_2/src"
make -C ps7_cortexa9_0/libsrc/coresightps_dcc_v1_2/src -s include  "SHELL=CMD" "COMPILER=arm-xilinx-eabi-gcc" "ARCHIVER=arm-xilinx-eabi-ar" "COMPILER_FLAGS=  -O2 -c" "EXTRA_COMPILER_FLAGS=-g"
"Running Make include in ps7_cortexa9_0/libsrc/cpu_cortexa9_v2_1/src"
make -C ps7_cortexa9_0/libsrc/cpu_cortexa9_v2_1/src -s include  "SHELL=CMD" "COMPILER=arm-xilinx-eabi-gcc" "ARCHIVER=arm-xilinx-eabi-ar" "COMPILER_FLAGS=  -O2 -c" "EXTRA_COMPILER_FLAGS=-g"
"Running Make include in ps7_cortexa9_0/libsrc/ddrps_v1_0/src"
make -C ps7_cortexa9_0/libsrc/ddrps_v1_0/src -s include  "SHELL=CMD" "COMPILER=arm-xilinx-eabi-gcc" "ARCHIVER=arm-xilinx-eabi-ar" "COMPILER_FLAGS=  -O2 -c" "EXTRA_COMPILER_FLAGS=-g"
"Running Make include in ps7_cortexa9_0/libsrc/devcfg_v3_3/src"
make -C ps7_cortexa9_0/libsrc/devcfg_v3_3/src -s include  "SHELL=CMD" "COMPILER=arm-xilinx-eabi-gcc" "ARCHIVER=arm-xilinx-eabi-ar" "COMPILER_FLAGS=  -O2 -c" "EXTRA_COMPILER_FLAGS=-g"
"Running Make include in ps7_cortexa9_0/libsrc/dmaps_v2_1/src"
make -C ps7_cortexa9_0/libsrc/dmaps_v2_1/src -s include  "SHELL=CMD" "COMPILER=arm-xilinx-eabi-gcc" "ARCHIVER=arm-xilinx-eabi-ar" "COMPILER_FLAGS=  -O2 -c" "EXTRA_COMPILER_FLAGS=-g"
"Running Make include in ps7_cortexa9_0/libsrc/gpio_v4_0/src"
make -C ps7_cortexa9_0/libsrc/gpio_v4_0/src -s include  "SHELL=CMD" "COMPILER=arm-xilinx-eabi-gcc" "ARCHIVER=arm-xilinx-eabi-ar" "COMPILER_FLAGS=  -O2 -c" "EXTRA_COMPILER_FLAGS=-g"
"Running Make include in ps7_cortexa9_0/libsrc/scugic_v3_1/src"
make -C ps7_cortexa9_0/libsrc/scugic_v3_1/src -s include  "SHELL=CMD" "COMPILER=arm-xilinx-eabi-gcc" "ARCHIVER=arm-xilinx-eabi-ar" "COMPILER_FLAGS=  -O2 -c" "EXTRA_COMPILER_FLAGS=-g"
"Running Make include in ps7_cortexa9_0/libsrc/scutimer_v2_1/src"
make -C ps7_cortexa9_0/libsrc/scutimer_v2_1/src -s include  "SHELL=CMD" "COMPILER=arm-xilinx-eabi-gcc" "ARCHIVER=arm-xilinx-eabi-ar" "COMPILER_FLAGS=  -O2 -c" "EXTRA_COMPILER_FLAGS=-g"
"Running Make include in ps7_cortexa9_0/libsrc/scuwdt_v2_1/src"
make -C ps7_cortexa9_0/libsrc/scuwdt_v2_1/src -s include  "SHELL=CMD" "COMPILER=arm-xilinx-eabi-gcc" "ARCHIVER=arm-xilinx-eabi-ar" "COMPILER_FLAGS=  -O2 -c" "EXTRA_COMPILER_FLAGS=-g"
"Running Make include in ps7_cortexa9_0/libsrc/sdps_v2_6/src"
make -C ps7_cortexa9_0/libsrc/sdps_v2_6/src -s include  "SHELL=CMD" "COMPILER=arm-xilinx-eabi-gcc" "ARCHIVER=arm-xilinx-eabi-ar" "COMPILER_FLAGS=  -O2 -c" "EXTRA_COMPILER_FLAGS=-g"
"Running Make include in ps7_cortexa9_0/libsrc/standalone_v5_3/src"
make -C ps7_cortexa9_0/libsrc/standalone_v5_3/src -s include  "SHELL=CMD" "COMPILER=arm-xilinx-eabi-gcc" "ARCHIVER=arm-xilinx-eabi-ar" "COMPILER_FLAGS=  -O2 -c" "EXTRA_COMPILER_FLAGS=-g"
"Running Make include in ps7_cortexa9_0/libsrc/uartps_v3_1/src"
make -C ps7_cortexa9_0/libsrc/uartps_v3_1/src -s include  "SHELL=CMD" "COMPILER=arm-xilinx-eabi-gcc" "ARCHIVER=arm-xilinx-eabi-ar" "COMPILER_FLAGS=  -O2 -c" "EXTRA_COMPILER_FLAGS=-g"
"Running Make include in ps7_cortexa9_0/libsrc/xadcps_v2_2/src"
make -C ps7_cortexa9_0/libsrc/xadcps_v2_2/src -s include  "SHELL=CMD" "COMPILER=arm-xilinx-eabi-gcc" "ARCHIVER=arm-xilinx-eabi-ar" "COMPILER_FLAGS=  -O2 -c" "EXTRA_COMPILER_FLAGS=-g"
"Running Make include in ps7_cortexa9_0/libsrc/xilffs_v3_1/src"
make -C ps7_cortexa9_0/libsrc/xilffs_v3_1/src -s include  "SHELL=CMD" "COMPILER=arm-xilinx-eabi-gcc" "ARCHIVER=arm-xilinx-eabi-ar" "COMPILER_FLAGS=  -O2 -c" "EXTRA_COMPILER_FLAGS=-g"
"Running Make libs in ps7_cortexa9_0/libsrc/coresightps_dcc_v1_2/src"
make -C ps7_cortexa9_0/libsrc/coresightps_dcc_v1_2/src -s libs  "SHELL=CMD" "COMPILER=arm-xilinx-eabi-gcc" "ARCHIVER=arm-xilinx-eabi-ar" "COMPILER_FLAGS=  -O2 -c" "EXTRA_COMPILER_FLAGS=-g"
"Compiling coresightps_dcc"
arm-xilinx-eabi-ar: creating ../../../lib/libxil.a
"Running Make libs in ps7_cortexa9_0/libsrc/cpu_cortexa9_v2_1/src"
make -C ps7_cortexa9_0/libsrc/cpu_cortexa9_v2_1/src -s libs  "SHELL=CMD" "COMPILER=arm-xilinx-eabi-gcc" "ARCHIVER=arm-xilinx-eabi-ar" "COMPILER_FLAGS=  -O2 -c" "EXTRA_COMPILER_FLAGS=-g"
"Compiling cpu_cortexa9"
"Running Make libs in ps7_cortexa9_0/libsrc/ddrps_v1_0/src"
make -C ps7_cortexa9_0/libsrc/ddrps_v1_0/src -s libs  "SHELL=CMD" "COMPILER=arm-xilinx-eabi-gcc" "ARCHIVER=arm-xilinx-eabi-ar" "COMPILER_FLAGS=  -O2 -c" "EXTRA_COMPILER_FLAGS=-g"
"Compiling ddrps"
"Running Make libs in ps7_cortexa9_0/libsrc/devcfg_v3_3/src"
make -C ps7_cortexa9_0/libsrc/devcfg_v3_3/src -s libs  "SHELL=CMD" "COMPILER=arm-xilinx-eabi-gcc" "ARCHIVER=arm-xilinx-eabi-ar" "COMPILER_FLAGS=  -O2 -c" "EXTRA_COMPILER_FLAGS=-g"
"Compiling devcfg"
"Running Make libs in ps7_cortexa9_0/libsrc/dmaps_v2_1/src"
make -C ps7_cortexa9_0/libsrc/dmaps_v2_1/src -s libs  "SHELL=CMD" "COMPILER=arm-xilinx-eabi-gcc" "ARCHIVER=arm-xilinx-eabi-ar" "COMPILER_FLAGS=  -O2 -c" "EXTRA_COMPILER_FLAGS=-g"
"Compiling dmaps"
"Running Make libs in ps7_cortexa9_0/libsrc/gpio_v4_0/src"
make -C ps7_cortexa9_0/libsrc/gpio_v4_0/src -s libs  "SHELL=CMD" "COMPILER=arm-xilinx-eabi-gcc" "ARCHIVER=arm-xilinx-eabi-ar" "COMPILER_FLAGS=  -O2 -c" "EXTRA_COMPILER_FLAGS=-g"
"Compiling gpio"
"Running Make libs in ps7_cortexa9_0/libsrc/scugic_v3_1/src"
make -C ps7_cortexa9_0/libsrc/scugic_v3_1/src -s libs  "SHELL=CMD" "COMPILER=arm-xilinx-eabi-gcc" "ARCHIVER=arm-xilinx-eabi-ar" "COMPILER_FLAGS=  -O2 -c" "EXTRA_COMPILER_FLAGS=-g"
"Compiling scugic"
"Running Make libs in ps7_cortexa9_0/libsrc/scutimer_v2_1/src"
make -C ps7_cortexa9_0/libsrc/scutimer_v2_1/src -s libs  "SHELL=CMD" "COMPILER=arm-xilinx-eabi-gcc" "ARCHIVER=arm-xilinx-eabi-ar" "COMPILER_FLAGS=  -O2 -c" "EXTRA_COMPILER_FLAGS=-g"
"Compiling scutimer"
"Running Make libs in ps7_cortexa9_0/libsrc/scuwdt_v2_1/src"
make -C ps7_cortexa9_0/libsrc/scuwdt_v2_1/src -s libs  "SHELL=CMD" "COMPILER=arm-xilinx-eabi-gcc" "ARCHIVER=arm-xilinx-eabi-ar" "COMPILER_FLAGS=  -O2 -c" "EXTRA_COMPILER_FLAGS=-g"
"Compiling scuwdt"
"Running Make libs in ps7_cortexa9_0/libsrc/sdps_v2_6/src"
make -C ps7_cortexa9_0/libsrc/sdps_v2_6/src -s libs  "SHELL=CMD" "COMPILER=arm-xilinx-eabi-gcc" "ARCHIVER=arm-xilinx-eabi-ar" "COMPILER_FLAGS=  -O2 -c" "EXTRA_COMPILER_FLAGS=-g"
"Compiling sdps"
"Running Make libs in ps7_cortexa9_0/libsrc/standalone_v5_3/src"
make -C ps7_cortexa9_0/libsrc/standalone_v5_3/src -s libs  "SHELL=CMD" "COMPILER=arm-xilinx-eabi-gcc" "ARCHIVER=arm-xilinx-eabi-ar" "COMPILER_FLAGS=  -O2 -c" "EXTRA_COMPILER_FLAGS=-g"
"Compiling standalone"
"Running Make libs in ps7_cortexa9_0/libsrc/uartps_v3_1/src"
make -C ps7_cortexa9_0/libsrc/uartps_v3_1/src -s libs  "SHELL=CMD" "COMPILER=arm-xilinx-eabi-gcc" "ARCHIVER=arm-xilinx-eabi-ar" "COMPILER_FLAGS=  -O2 -c" "EXTRA_COMPILER_FLAGS=-g"
"Compiling uartps"
"Running Make libs in ps7_cortexa9_0/libsrc/xadcps_v2_2/src"
make -C ps7_cortexa9_0/libsrc/xadcps_v2_2/src -s libs  "SHELL=CMD" "COMPILER=arm-xilinx-eabi-gcc" "ARCHIVER=arm-xilinx-eabi-ar" "COMPILER_FLAGS=  -O2 -c" "EXTRA_COMPILER_FLAGS=-g"
"Compiling xadcps"
"Running Make libs in ps7_cortexa9_0/libsrc/xilffs_v3_1/src"
make -C ps7_cortexa9_0/libsrc/xilffs_v3_1/src -s libs  "SHELL=CMD" "COMPILER=arm-xilinx-eabi-gcc" "ARCHIVER=arm-xilinx-eabi-ar" "COMPILER_FLAGS=  -O2 -c" "EXTRA_COMPILER_FLAGS=-g"
"Compiling XilFFs Library"
'Finished building libraries'
16:06:54 **** Clean-only build of configuration Debug for project sd_card_control ****
make clean 
rm -rf  ./src/helloworld.o ./src/platform.o  ./src/helloworld.d ./src/platform.d  sd_card_control.elf.size  sd_card_control.elf
' '
16:06:54 **** Auto Build of configuration Debug for project sd_card_control ****
make all 
'Building file: ../src/helloworld.c'
'Invoking: ARM gcc compiler'
arm-xilinx-eabi-gcc -Wall -O0 -g3 -c -fmessage-length=0 -MT"src/helloworld.o" -I../../sd_card_control_bsp/ps7_cortexa9_0/include -MMD -MP -MF"src/helloworld.d" -MT"src/helloworld.d" -o "src/helloworld.o" "../src/helloworld.c"
'Finished building: ../src/helloworld.c'
' '
'Building file: ../src/platform.c'
'Invoking: ARM gcc compiler'
arm-xilinx-eabi-gcc -Wall -O0 -g3 -c -fmessage-length=0 -MT"src/platform.o" -I../../sd_card_control_bsp/ps7_cortexa9_0/include -MMD -MP -MF"src/platform.d" -MT"src/platform.d" -o "src/platform.o" "../src/platform.c"
'Finished building: ../src/platform.c'
' '
'Building target: sd_card_control.elf'
'Invoking: ARM gcc linker'
arm-xilinx-eabi-gcc -Wl,-T -Wl,../src/lscript.ld -L../../sd_card_control_bsp/ps7_cortexa9_0/lib -o "sd_card_control.elf"  ./src/helloworld.o ./src/platform.o   -Wl,--start-group,-lxil,-lgcc,-lc,--end-group -Wl,--start-group,-lxilffs,-lxil,-lgcc,-lc,--end-group
'Finished building target: sd_card_control.elf'
' '
'Invoking: ARM Print Size'
arm-xilinx-eabi-size sd_card_control.elf  |tee "sd_card_control.elf.size"
   text	   data	    bss	    dec	    hex	filename
  22888	   1152	  22564	  46604	   b60c	sd_card_control.elf
'Finished building: sd_card_control.elf.size'
' '
16:06:56 **** Auto Build of configuration Debug for project sd_card_control ****
make all 
'Building file: ../src/helloworld.c'
'Invoking: ARM gcc compiler'
arm-xilinx-eabi-gcc -Wall -O0 -g3 -c -fmessage-length=0 -MT"src/helloworld.o" -I../../sd_card_control_bsp/ps7_cortexa9_0/include -MMD -MP -MF"src/helloworld.d" -MT"src/helloworld.d" -o "src/helloworld.o" "../src/helloworld.c"
../src/helloworld.c:70:1: error: expected ',' or ';' before 'static'
 static char  *sd_file;
 ^
../src/helloworld.c: In function 'bmp_upside_down':
../src/helloworld.c:129:2: error: 'sd_file' undeclared (first use in this function)
  sd_file = (char *)FileReadName;
  ^
../src/helloworld.c:129:2: note: each undeclared identifier is reported only once for each function it appears in
../src/helloworld.c:236:15: warning: passing argument 1 of 'fclose' from incompatible pointer type
  res = fclose(&fp_s);
               ^
In file included from e:\xilinx\sdk\2015.4\gnu\arm\nt\arm-xilinx-eabi\include\ctype.h:4:0,
                 from ../../sd_card_control_bsp/ps7_cortexa9_0/include/xil_printf.h:8,
                 from ../../sd_card_control_bsp/ps7_cortexa9_0/include/xsdps.h:135,
                 from ../src/helloworld.c:49:
e:\xilinx\sdk\2015.4\gnu\arm\nt\arm-xilinx-eabi\include\stdio.h:205:5: note: expected 'struct FILE *' but argument is of type 'struct FIL *'
 int _EXFUN(fclose, (FILE *));
     ^
../src/helloworld.c:243:15: warning: passing argument 1 of 'fclose' from incompatible pointer type
  res = fclose(&fp_d);
               ^
In file included from e:\xilinx\sdk\2015.4\gnu\arm\nt\arm-xilinx-eabi\include\ctype.h:4:0,
                 from ../../sd_card_control_bsp/ps7_cortexa9_0/include/xil_printf.h:8,
                 from ../../sd_card_control_bsp/ps7_cortexa9_0/include/xsdps.h:135,
                 from ../src/helloworld.c:49:
e:\xilinx\sdk\2015.4\gnu\arm\nt\arm-xilinx-eabi\include\stdio.h:205:5: note: expected 'struct FILE *' but argument is of type 'struct FIL *'
 int _EXFUN(fclose, (FILE *));
     ^
make: *** [src/helloworld.o] Error 1
16:07:31 **** Auto Build of configuration Debug for project sd_card_control ****
make all 
'Building file: ../src/helloworld.c'
'Invoking: ARM gcc compiler'
arm-xilinx-eabi-gcc -Wall -O0 -g3 -c -fmessage-length=0 -MT"src/helloworld.o" -I../../sd_card_control_bsp/ps7_cortexa9_0/include -MMD -MP -MF"src/helloworld.d" -MT"src/helloworld.d" -o "src/helloworld.o" "../src/helloworld.c"
../src/helloworld.c: In function 'bmp_upside_down':
../src/helloworld.c:236:15: warning: passing argument 1 of 'fclose' from incompatible pointer type
  res = fclose(&fp_s);
               ^
In file included from e:\xilinx\sdk\2015.4\gnu\arm\nt\arm-xilinx-eabi\include\ctype.h:4:0,
                 from ../../sd_card_control_bsp/ps7_cortexa9_0/include/xil_printf.h:8,
                 from ../../sd_card_control_bsp/ps7_cortexa9_0/include/xsdps.h:135,
                 from ../src/helloworld.c:49:
e:\xilinx\sdk\2015.4\gnu\arm\nt\arm-xilinx-eabi\include\stdio.h:205:5: note: expected 'struct FILE *' but argument is of type 'struct FIL *'
 int _EXFUN(fclose, (FILE *));
     ^
../src/helloworld.c:243:15: warning: passing argument 1 of 'fclose' from incompatible pointer type
  res = fclose(&fp_d);
               ^
In file included from e:\xilinx\sdk\2015.4\gnu\arm\nt\arm-xilinx-eabi\include\ctype.h:4:0,
                 from ../../sd_card_control_bsp/ps7_cortexa9_0/include/xil_printf.h:8,
                 from ../../sd_card_control_bsp/ps7_cortexa9_0/include/xsdps.h:135,
                 from ../src/helloworld.c:49:
e:\xilinx\sdk\2015.4\gnu\arm\nt\arm-xilinx-eabi\include\stdio.h:205:5: note: expected 'struct FILE *' but argument is of type 'struct FIL *'
 int _EXFUN(fclose, (FILE *));
     ^
'Finished building: ../src/helloworld.c'
' '
'Building target: sd_card_control.elf'
'Invoking: ARM gcc linker'
arm-xilinx-eabi-gcc -Wl,-T -Wl,../src/lscript.ld -L../../sd_card_control_bsp/ps7_cortexa9_0/lib -o "sd_card_control.elf"  ./src/helloworld.o ./src/platform.o   -Wl,--start-group,-lxil,-lgcc,-lc,--end-group -Wl,--start-group,-lxilffs,-lxil,-lgcc,-lc,--end-group
'Finished building target: sd_card_control.elf'
' '
'Invoking: ARM Print Size'
arm-xilinx-eabi-size sd_card_control.elf  |tee "sd_card_control.elf.size"
   text	   data	    bss	    dec	    hex	filename
  54960	   2284	  25728	  82972	  1441c	sd_card_control.elf
'Finished building: sd_card_control.elf.size'
' '
16:08:11 **** Incremental Build of configuration Debug for project sd_card_control ****
make all 
make: Nothing to be done for `all'.
16:09:37 **** Auto Build of configuration Debug for project sd_card_control ****
make all 
'Building file: ../src/helloworld.c'
'Invoking: ARM gcc compiler'
arm-xilinx-eabi-gcc -Wall -O0 -g3 -c -fmessage-length=0 -MT"src/helloworld.o" -I../../sd_card_control_bsp/ps7_cortexa9_0/include -MMD -MP -MF"src/helloworld.d" -MT"src/helloworld.d" -o "src/helloworld.o" "../src/helloworld.c"
../src/helloworld.c: In function 'bmp_upside_down':
../src/helloworld.c:237:15: warning: passing argument 1 of 'fclose' from incompatible pointer type
  res = fclose(&fp_s);
               ^
In file included from e:\xilinx\sdk\2015.4\gnu\arm\nt\arm-xilinx-eabi\include\ctype.h:4:0,
                 from ../../sd_card_control_bsp/ps7_cortexa9_0/include/xil_printf.h:8,
                 from ../../sd_card_control_bsp/ps7_cortexa9_0/include/xsdps.h:135,
                 from ../src/helloworld.c:49:
e:\xilinx\sdk\2015.4\gnu\arm\nt\arm-xilinx-eabi\include\stdio.h:205:5: note: expected 'struct FILE *' but argument is of type 'struct FIL *'
 int _EXFUN(fclose, (FILE *));
     ^
../src/helloworld.c:244:15: warning: passing argument 1 of 'fclose' from incompatible pointer type
  res = fclose(&fp_d);
               ^
In file included from e:\xilinx\sdk\2015.4\gnu\arm\nt\arm-xilinx-eabi\include\ctype.h:4:0,
                 from ../../sd_card_control_bsp/ps7_cortexa9_0/include/xil_printf.h:8,
                 from ../../sd_card_control_bsp/ps7_cortexa9_0/include/xsdps.h:135,
                 from ../src/helloworld.c:49:
e:\xilinx\sdk\2015.4\gnu\arm\nt\arm-xilinx-eabi\include\stdio.h:205:5: note: expected 'struct FILE *' but argument is of type 'struct FIL *'
 int _EXFUN(fclose, (FILE *));
     ^
'Finished building: ../src/helloworld.c'
' '
'Building target: sd_card_control.elf'
'Invoking: ARM gcc linker'
arm-xilinx-eabi-gcc -Wl,-T -Wl,../src/lscript.ld -L../../sd_card_control_bsp/ps7_cortexa9_0/lib -o "sd_card_control.elf"  ./src/helloworld.o ./src/platform.o   -Wl,--start-group,-lxil,-lgcc,-lc,--end-group -Wl,--start-group,-lxilffs,-lxil,-lgcc,-lc,--end-group
'Finished building target: sd_card_control.elf'
' '
'Invoking: ARM Print Size'
arm-xilinx-eabi-size sd_card_control.elf  |tee "sd_card_control.elf.size"
   text	   data	    bss	    dec	    hex	filename
  54988	   2284	  25728	  83000	  14438	sd_card_control.elf
'Finished building: sd_card_control.elf.size'
' '
16:10:13 **** Incremental Build of configuration Debug for project sd_card_control ****
make all 
make: Nothing to be done for `all'.
16:11:29 **** Auto Build of configuration Debug for project sd_card_control ****
make all 
'Building file: ../src/helloworld.c'
'Invoking: ARM gcc compiler'
arm-xilinx-eabi-gcc -Wall -O0 -g3 -c -fmessage-length=0 -MT"src/helloworld.o" -I../../sd_card_control_bsp/ps7_cortexa9_0/include -MMD -MP -MF"src/helloworld.d" -MT"src/helloworld.d" -o "src/helloworld.o" "../src/helloworld.c"
../src/helloworld.c: In function 'bmp_upside_down':
../src/helloworld.c:237:15: warning: passing argument 1 of 'fclose' from incompatible pointer type
  res = fclose(&fp_s);
               ^
In file included from e:\xilinx\sdk\2015.4\gnu\arm\nt\arm-xilinx-eabi\include\ctype.h:4:0,
                 from ../../sd_card_control_bsp/ps7_cortexa9_0/include/xil_printf.h:8,
                 from ../../sd_card_control_bsp/ps7_cortexa9_0/include/xsdps.h:135,
                 from ../src/helloworld.c:49:
e:\xilinx\sdk\2015.4\gnu\arm\nt\arm-xilinx-eabi\include\stdio.h:205:5: note: expected 'struct FILE *' but argument is of type 'struct FIL *'
 int _EXFUN(fclose, (FILE *));
     ^
../src/helloworld.c:244:15: warning: passing argument 1 of 'fclose' from incompatible pointer type
  res = fclose(&fp_d);
               ^
In file included from e:\xilinx\sdk\2015.4\gnu\arm\nt\arm-xilinx-eabi\include\ctype.h:4:0,
                 from ../../sd_card_control_bsp/ps7_cortexa9_0/include/xil_printf.h:8,
                 from ../../sd_card_control_bsp/ps7_cortexa9_0/include/xsdps.h:135,
                 from ../src/helloworld.c:49:
e:\xilinx\sdk\2015.4\gnu\arm\nt\arm-xilinx-eabi\include\stdio.h:205:5: note: expected 'struct FILE *' but argument is of type 'struct FIL *'
 int _EXFUN(fclose, (FILE *));
     ^
'Finished building: ../src/helloworld.c'
' '
'Building target: sd_card_control.elf'
'Invoking: ARM gcc linker'
arm-xilinx-eabi-gcc -Wl,-T -Wl,../src/lscript.ld -L../../sd_card_control_bsp/ps7_cortexa9_0/lib -o "sd_card_control.elf"  ./src/helloworld.o ./src/platform.o   -Wl,--start-group,-lxil,-lgcc,-lc,--end-group -Wl,--start-group,-lxilffs,-lxil,-lgcc,-lc,--end-group
'Finished building target: sd_card_control.elf'
' '
'Invoking: ARM Print Size'
arm-xilinx-eabi-size sd_card_control.elf  |tee "sd_card_control.elf.size"
   text	   data	    bss	    dec	    hex	filename
  54988	   2284	  25728	  83000	  14438	sd_card_control.elf
'Finished building: sd_card_control.elf.size'
' '
16:11:59 **** Auto Build of configuration Debug for project sd_card_control ****
make all 
'Building file: ../src/helloworld.c'
'Invoking: ARM gcc compiler'
arm-xilinx-eabi-gcc -Wall -O0 -g3 -c -fmessage-length=0 -MT"src/helloworld.o" -I../../sd_card_control_bsp/ps7_cortexa9_0/include -MMD -MP -MF"src/helloworld.d" -MT"src/helloworld.d" -o "src/helloworld.o" "../src/helloworld.c"
'Finished building: ../src/helloworld.c'
' '
'Building target: sd_card_control.elf'
'Invoking: ARM gcc linker'
arm-xilinx-eabi-gcc -Wl,-T -Wl,../src/lscript.ld -L../../sd_card_control_bsp/ps7_cortexa9_0/lib -o "sd_card_control.elf"  ./src/helloworld.o ./src/platform.o   -Wl,--start-group,-lxil,-lgcc,-lc,--end-group -Wl,--start-group,-lxilffs,-lxil,-lgcc,-lc,--end-group
'Finished building target: sd_card_control.elf'
' '
'Invoking: ARM Print Size'
arm-xilinx-eabi-size sd_card_control.elf  |tee "sd_card_control.elf.size"
   text	   data	    bss	    dec	    hex	filename
  47528	   1204	20996624	21045356	141206c	sd_card_control.elf
'Finished building: sd_card_control.elf.size'
' '
16:12:23 **** Incremental Build of configuration Debug for project sd_card_control ****
make all 
make: Nothing to be done for `all'.
16:21:57 **** Auto Build of configuration Debug for project sd_card_control ****
make all 
'Building file: ../src/helloworld.c'
'Invoking: ARM gcc compiler'
arm-xilinx-eabi-gcc -Wall -O0 -g3 -c -fmessage-length=0 -MT"src/helloworld.o" -I../../sd_card_control_bsp/ps7_cortexa9_0/include -MMD -MP -MF"src/helloworld.d" -MT"src/helloworld.d" -o "src/helloworld.o" "../src/helloworld.c"
../src/helloworld.c: In function 'bmp_upside_down':
../src/helloworld.c:189:15: warning: passing argument 1 of 'fclose' from incompatible pointer type
  res = fclose(&fp_s);
               ^
In file included from e:\xilinx\sdk\2015.4\gnu\arm\nt\arm-xilinx-eabi\include\ctype.h:4:0,
                 from ../../sd_card_control_bsp/ps7_cortexa9_0/include/xil_printf.h:8,
                 from ../../sd_card_control_bsp/ps7_cortexa9_0/include/xsdps.h:135,
                 from ../src/helloworld.c:2:
e:\xilinx\sdk\2015.4\gnu\arm\nt\arm-xilinx-eabi\include\stdio.h:205:5: note: expected 'struct FILE *' but argument is of type 'struct FIL *'
 int _EXFUN(fclose, (FILE *));
     ^
../src/helloworld.c:196:15: warning: passing argument 1 of 'fclose' from incompatible pointer type
  res = fclose(&fp_d);
               ^
In file included from e:\xilinx\sdk\2015.4\gnu\arm\nt\arm-xilinx-eabi\include\ctype.h:4:0,
                 from ../../sd_card_control_bsp/ps7_cortexa9_0/include/xil_printf.h:8,
                 from ../../sd_card_control_bsp/ps7_cortexa9_0/include/xsdps.h:135,
                 from ../src/helloworld.c:2:
e:\xilinx\sdk\2015.4\gnu\arm\nt\arm-xilinx-eabi\include\stdio.h:205:5: note: expected 'struct FILE *' but argument is of type 'struct FIL *'
 int _EXFUN(fclose, (FILE *));
     ^
'Finished building: ../src/helloworld.c'
' '
'Building target: sd_card_control.elf'
'Invoking: ARM gcc linker'
arm-xilinx-eabi-gcc -Wl,-T -Wl,../src/lscript.ld -L../../sd_card_control_bsp/ps7_cortexa9_0/lib -o "sd_card_control.elf"  ./src/helloworld.o ./src/platform.o   -Wl,--start-group,-lxil,-lgcc,-lc,--end-group -Wl,--start-group,-lxilffs,-lxil,-lgcc,-lc,--end-group
'Finished building target: sd_card_control.elf'
' '
'Invoking: ARM Print Size'
arm-xilinx-eabi-size sd_card_control.elf  |tee "sd_card_control.elf.size"
   text	   data	    bss	    dec	    hex	filename
  54960	   2284	  25728	  82972	  1441c	sd_card_control.elf
'Finished building: sd_card_control.elf.size'
' '
16:24:46 **** Auto Build of configuration Debug for project sd_card_control ****
make all 
'Building file: ../src/helloworld.c'
'Invoking: ARM gcc compiler'
arm-xilinx-eabi-gcc -Wall -O0 -g3 -c -fmessage-length=0 -MT"src/helloworld.o" -I../../sd_card_control_bsp/ps7_cortexa9_0/include -MMD -MP -MF"src/helloworld.d" -MT"src/helloworld.d" -o "src/helloworld.o" "../src/helloworld.c"
'Finished building: ../src/helloworld.c'
' '
'Building target: sd_card_control.elf'
'Invoking: ARM gcc linker'
arm-xilinx-eabi-gcc -Wl,-T -Wl,../src/lscript.ld -L../../sd_card_control_bsp/ps7_cortexa9_0/lib -o "sd_card_control.elf"  ./src/helloworld.o ./src/platform.o   -Wl,--start-group,-lxil,-lgcc,-lc,--end-group -Wl,--start-group,-lxilffs,-lxil,-lgcc,-lc,--end-group
'Finished building target: sd_card_control.elf'
' '
'Invoking: ARM Print Size'
arm-xilinx-eabi-size sd_card_control.elf  |tee "sd_card_control.elf.size"
   text	   data	    bss	    dec	    hex	filename
  52052	   2284	  25728	  80064	  138c0	sd_card_control.elf
'Finished building: sd_card_control.elf.size'
' '
16:24:55 **** Incremental Build of configuration Debug for project sd_card_control ****
make all 
make: Nothing to be done for `all'.
16:26:45 **** Incremental Build of configuration Debug for project sd_card_control ****
make all 
make: Nothing to be done for `all'.
16:28:16 **** Auto Build of configuration Debug for project sd_card_control ****
make all 
'Building file: ../src/helloworld.c'
'Invoking: ARM gcc compiler'
arm-xilinx-eabi-gcc -Wall -O0 -g3 -c -fmessage-length=0 -MT"src/helloworld.o" -I../../sd_card_control_bsp/ps7_cortexa9_0/include -MMD -MP -MF"src/helloworld.d" -MT"src/helloworld.d" -o "src/helloworld.o" "../src/helloworld.c"
../src/helloworld.c: In function 'bmp_upside_down':
../src/helloworld.c:123:6: warning: assignment makes integer from pointer without a cast
    R = *(image_s + 3 * (width * y + x) + 2);
      ^
../src/helloworld.c:124:6: warning: assignment makes integer from pointer without a cast
    G = *(image_s + 3 * (width * y + x) + 1);
      ^
../src/helloworld.c:125:6: warning: assignment makes integer from pointer without a cast
    B = *(image_s + 3 * (width * y + x) + 0);
      ^
../src/helloworld.c:129:43: warning: assignment makes pointer from integer without a cast
    *(image_d + 3 * (width * y_d + x) + 2) = R;
                                           ^
../src/helloworld.c:130:43: warning: assignment makes pointer from integer without a cast
    *(image_d + 3 * (width * y_d + x) + 1) = G;
                                           ^
../src/helloworld.c:131:43: warning: assignment makes pointer from integer without a cast
    *(image_d + 3 * (width * y_d + x) + 0) = B;
                                           ^
'Finished building: ../src/helloworld.c'
' '
'Building target: sd_card_control.elf'
'Invoking: ARM gcc linker'
arm-xilinx-eabi-gcc -Wl,-T -Wl,../src/lscript.ld -L../../sd_card_control_bsp/ps7_cortexa9_0/lib -o "sd_card_control.elf"  ./src/helloworld.o ./src/platform.o   -Wl,--start-group,-lxil,-lgcc,-lc,--end-group -Wl,--start-group,-lxilffs,-lxil,-lgcc,-lc,--end-group
'Finished building target: sd_card_control.elf'
' '
'Invoking: ARM Print Size'
arm-xilinx-eabi-size sd_card_control.elf  |tee "sd_card_control.elf.size"
   text	   data	    bss	    dec	    hex	filename
  48876	   1244	  25664	  75784	  12808	sd_card_control.elf
'Finished building: sd_card_control.elf.size'
' '
16:28:21 **** Auto Build of configuration Debug for project sd_card_control ****
make all 
'Building file: ../src/helloworld.c'
'Invoking: ARM gcc compiler'
arm-xilinx-eabi-gcc -Wall -O0 -g3 -c -fmessage-length=0 -MT"src/helloworld.o" -I../../sd_card_control_bsp/ps7_cortexa9_0/include -MMD -MP -MF"src/helloworld.d" -MT"src/helloworld.d" -o "src/helloworld.o" "../src/helloworld.c"
'Finished building: ../src/helloworld.c'
' '
'Building target: sd_card_control.elf'
'Invoking: ARM gcc linker'
arm-xilinx-eabi-gcc -Wl,-T -Wl,../src/lscript.ld -L../../sd_card_control_bsp/ps7_cortexa9_0/lib -o "sd_card_control.elf"  ./src/helloworld.o ./src/platform.o   -Wl,--start-group,-lxil,-lgcc,-lc,--end-group -Wl,--start-group,-lxilffs,-lxil,-lgcc,-lc,--end-group
'Finished building target: sd_card_control.elf'
' '
'Invoking: ARM Print Size'
arm-xilinx-eabi-size sd_card_control.elf  |tee "sd_card_control.elf.size"
   text	   data	    bss	    dec	    hex	filename
  48876	   1244	  25664	  75784	  12808	sd_card_control.elf
'Finished building: sd_card_control.elf.size'
' '
16:28:30 **** Incremental Build of configuration Debug for project sd_card_control ****
make all 
make: Nothing to be done for `all'.
16:32:55 **** Auto Build of configuration Debug for project sd_card_control ****
make all 
'Building file: ../src/helloworld.c'
'Invoking: ARM gcc compiler'
arm-xilinx-eabi-gcc -Wall -O0 -g3 -c -fmessage-length=0 -MT"src/helloworld.o" -I../../sd_card_control_bsp/ps7_cortexa9_0/include -MMD -MP -MF"src/helloworld.d" -MT"src/helloworld.d" -o "src/helloworld.o" "../src/helloworld.c"
'Finished building: ../src/helloworld.c'
' '
'Building target: sd_card_control.elf'
'Invoking: ARM gcc linker'
arm-xilinx-eabi-gcc -Wl,-T -Wl,../src/lscript.ld -L../../sd_card_control_bsp/ps7_cortexa9_0/lib -o "sd_card_control.elf"  ./src/helloworld.o ./src/platform.o   -Wl,--start-group,-lxil,-lgcc,-lc,--end-group -Wl,--start-group,-lxilffs,-lxil,-lgcc,-lc,--end-group
'Finished building target: sd_card_control.elf'
' '
'Invoking: ARM Print Size'
arm-xilinx-eabi-size sd_card_control.elf  |tee "sd_card_control.elf.size"
   text	   data	    bss	    dec	    hex	filename
  49052	   1244	  25664	  75960	  128b8	sd_card_control.elf
'Finished building: sd_card_control.elf.size'
' '
16:34:19 **** Incremental Build of configuration Debug for project sd_card_control ****
make all 
make: Nothing to be done for `all'.
16:35:37 **** Incremental Build of configuration Debug for project sd_card_control ****
make all 
make: Nothing to be done for `all'.
17:13:04 **** Auto Build of configuration Debug for project sd_card_control ****
make all 
'Building file: ../src/helloworld.c'
'Invoking: ARM gcc compiler'
arm-xilinx-eabi-gcc -Wall -O0 -g3 -c -fmessage-length=0 -MT"src/helloworld.o" -I../../sd_card_control_bsp/ps7_cortexa9_0/include -MMD -MP -MF"src/helloworld.d" -MT"src/helloworld.d" -o "src/helloworld.o" "../src/helloworld.c"
'Finished building: ../src/helloworld.c'
' '
'Building target: sd_card_control.elf'
'Invoking: ARM gcc linker'
arm-xilinx-eabi-gcc -Wl,-T -Wl,../src/lscript.ld -L../../sd_card_control_bsp/ps7_cortexa9_0/lib -o "sd_card_control.elf"  ./src/helloworld.o ./src/platform.o   -Wl,--start-group,-lxil,-lgcc,-lc,--end-group -Wl,--start-group,-lxilffs,-lxil,-lgcc,-lc,--end-group
'Finished building target: sd_card_control.elf'
' '
'Invoking: ARM Print Size'
arm-xilinx-eabi-size sd_card_control.elf  |tee "sd_card_control.elf.size"
   text	   data	    bss	    dec	    hex	filename
  49052	   1244	  25664	  75960	  128b8	sd_card_control.elf
'Finished building: sd_card_control.elf.size'
' '
17:19:45 **** Auto Build of configuration Debug for project sd_card_control ****
make all 
'Building file: ../src/helloworld.c'
'Invoking: ARM gcc compiler'
arm-xilinx-eabi-gcc -Wall -O0 -g3 -c -fmessage-length=0 -MT"src/helloworld.o" -I../../sd_card_control_bsp/ps7_cortexa9_0/include -MMD -MP -MF"src/helloworld.d" -MT"src/helloworld.d" -o "src/helloworld.o" "../src/helloworld.c"
'Finished building: ../src/helloworld.c'
' '
'Building target: sd_card_control.elf'
'Invoking: ARM gcc linker'
arm-xilinx-eabi-gcc -Wl,-T -Wl,../src/lscript.ld -L../../sd_card_control_bsp/ps7_cortexa9_0/lib -o "sd_card_control.elf"  ./src/helloworld.o ./src/platform.o   -Wl,--start-group,-lxil,-lgcc,-lc,--end-group -Wl,--start-group,-lxilffs,-lxil,-lgcc,-lc,--end-group
'Finished building target: sd_card_control.elf'
' '
'Invoking: ARM Print Size'
arm-xilinx-eabi-size sd_card_control.elf  |tee "sd_card_control.elf.size"
   text	   data	    bss	    dec	    hex	filename
  48840	   1244	  25664	  75748	  127e4	sd_card_control.elf
'Finished building: sd_card_control.elf.size'
' '
17:26:08 **** Auto Build of configuration Debug for project sd_card_control ****
make all 
'Building file: ../src/helloworld.c'
'Invoking: ARM gcc compiler'
arm-xilinx-eabi-gcc -Wall -O0 -g3 -c -fmessage-length=0 -MT"src/helloworld.o" -I../../sd_card_control_bsp/ps7_cortexa9_0/include -MMD -MP -MF"src/helloworld.d" -MT"src/helloworld.d" -o "src/helloworld.o" "../src/helloworld.c"
'Finished building: ../src/helloworld.c'
' '
'Building target: sd_card_control.elf'
'Invoking: ARM gcc linker'
arm-xilinx-eabi-gcc -Wl,-T -Wl,../src/lscript.ld -L../../sd_card_control_bsp/ps7_cortexa9_0/lib -o "sd_card_control.elf"  ./src/helloworld.o ./src/platform.o   -Wl,--start-group,-lxil,-lgcc,-lc,--end-group -Wl,--start-group,-lxilffs,-lxil,-lgcc,-lc,--end-group
'Finished building target: sd_card_control.elf'
' '
'Invoking: ARM Print Size'
arm-xilinx-eabi-size sd_card_control.elf  |tee "sd_card_control.elf.size"
   text	   data	    bss	    dec	    hex	filename
  48868	   1244	  25664	  75776	  12800	sd_card_control.elf
'Finished building: sd_card_control.elf.size'
' '
17:26:39 **** Auto Build of configuration Debug for project sd_card_control ****
make all 
'Building file: ../src/helloworld.c'
'Invoking: ARM gcc compiler'
arm-xilinx-eabi-gcc -Wall -O0 -g3 -c -fmessage-length=0 -MT"src/helloworld.o" -I../../sd_card_control_bsp/ps7_cortexa9_0/include -MMD -MP -MF"src/helloworld.d" -MT"src/helloworld.d" -o "src/helloworld.o" "../src/helloworld.c"
'Finished building: ../src/helloworld.c'
' '
'Building target: sd_card_control.elf'
'Invoking: ARM gcc linker'
arm-xilinx-eabi-gcc -Wl,-T -Wl,../src/lscript.ld -L../../sd_card_control_bsp/ps7_cortexa9_0/lib -o "sd_card_control.elf"  ./src/helloworld.o ./src/platform.o   -Wl,--start-group,-lxil,-lgcc,-lc,--end-group -Wl,--start-group,-lxilffs,-lxil,-lgcc,-lc,--end-group
'Finished building target: sd_card_control.elf'
' '
'Invoking: ARM Print Size'
arm-xilinx-eabi-size sd_card_control.elf  |tee "sd_card_control.elf.size"
   text	   data	    bss	    dec	    hex	filename
  48876	   1244	  25664	  75784	  12808	sd_card_control.elf
'Finished building: sd_card_control.elf.size'
' '
17:29:16 **** Incremental Build of configuration Debug for project sd_card_control ****
make all 
make: Nothing to be done for `all'.
17:59:04 **** Auto Build of configuration Debug for project sd_card_control ****
make all 
'Building file: ../src/helloworld.c'
'Invoking: ARM gcc compiler'
arm-xilinx-eabi-gcc -Wall -O0 -g3 -c -fmessage-length=0 -MT"src/helloworld.o" -I../../sd_card_control_bsp/ps7_cortexa9_0/include -MMD -MP -MF"src/helloworld.d" -MT"src/helloworld.d" -o "src/helloworld.o" "../src/helloworld.c"
../src/helloworld.c: In function 'bmp_upside_down':
../src/helloworld.c:49:16: warning: unused variable 'y_d' [-Wunused-variable]
  unsigned int  y_d;     /* y軸的目標 */
                ^
../src/helloworld.c:48:16: warning: unused variable 'y_avg' [-Wunused-variable]
  unsigned int  y_avg;    /* y軸的平均值 */
                ^
../src/helloworld.c:46:22: warning: unused variable 'B' [-Wunused-variable]
  unsigned char R, G, B;    /* Red, Green, Blue color */
                      ^
../src/helloworld.c:46:19: warning: unused variable 'G' [-Wunused-variable]
  unsigned char R, G, B;    /* Red, Green, Blue color */
                   ^
../src/helloworld.c:46:16: warning: unused variable 'R' [-Wunused-variable]
  unsigned char R, G, B;    /* Red, Green, Blue color */
                ^
../src/helloworld.c:41:19: warning: unused variable 'y' [-Wunused-variable]
  unsigned int  x, y;     /* 迴圈計數 */
                   ^
../src/helloworld.c:41:16: warning: unused variable 'x' [-Wunused-variable]
  unsigned int  x, y;     /* 迴圈計數 */
                ^
'Finished building: ../src/helloworld.c'
' '
'Building target: sd_card_control.elf'
'Invoking: ARM gcc linker'
arm-xilinx-eabi-gcc -Wl,-T -Wl,../src/lscript.ld -L../../sd_card_control_bsp/ps7_cortexa9_0/lib -o "sd_card_control.elf"  ./src/helloworld.o ./src/platform.o   -Wl,--start-group,-lxil,-lgcc,-lc,--end-group -Wl,--start-group,-lxilffs,-lxil,-lgcc,-lc,--end-group
'Finished building target: sd_card_control.elf'
' '
'Invoking: ARM Print Size'
arm-xilinx-eabi-size sd_card_control.elf  |tee "sd_card_control.elf.size"
   text	   data	    bss	    dec	    hex	filename
  48428	   1244	  25664	  75336	  12648	sd_card_control.elf
'Finished building: sd_card_control.elf.size'
' '
18:02:00 **** Auto Build of configuration Debug for project sd_card_control ****
make all 
'Building file: ../src/helloworld.c'
'Invoking: ARM gcc compiler'
arm-xilinx-eabi-gcc -Wall -O0 -g3 -c -fmessage-length=0 -MT"src/helloworld.o" -I../../sd_card_control_bsp/ps7_cortexa9_0/include -MMD -MP -MF"src/helloworld.d" -MT"src/helloworld.d" -o "src/helloworld.o" "../src/helloworld.c"
../src/helloworld.c: In function 'bmp_upside_down':
../src/helloworld.c:51:16: warning: unused variable 'file_size' [-Wunused-variable]
  unsigned int  file_size;   /* 檔案大小 */
                ^
../src/helloworld.c:49:16: warning: unused variable 'y_d' [-Wunused-variable]
  unsigned int  y_d;     /* y軸的目標 */
                ^
../src/helloworld.c:48:16: warning: unused variable 'y_avg' [-Wunused-variable]
  unsigned int  y_avg;    /* y軸的平均值 */
                ^
../src/helloworld.c:46:22: warning: unused variable 'B' [-Wunused-variable]
  unsigned char R, G, B;    /* Red, Green, Blue color */
                      ^
../src/helloworld.c:46:19: warning: unused variable 'G' [-Wunused-variable]
  unsigned char R, G, B;    /* Red, Green, Blue color */
                   ^
../src/helloworld.c:46:16: warning: unused variable 'R' [-Wunused-variable]
  unsigned char R, G, B;    /* Red, Green, Blue color */
                ^
../src/helloworld.c:41:19: warning: unused variable 'y' [-Wunused-variable]
  unsigned int  x, y;     /* 迴圈計數 */
                   ^
../src/helloworld.c:41:16: warning: unused variable 'x' [-Wunused-variable]
  unsigned int  x, y;     /* 迴圈計數 */
                ^
'Finished building: ../src/helloworld.c'
' '
'Building target: sd_card_control.elf'
'Invoking: ARM gcc linker'
arm-xilinx-eabi-gcc -Wl,-T -Wl,../src/lscript.ld -L../../sd_card_control_bsp/ps7_cortexa9_0/lib -o "sd_card_control.elf"  ./src/helloworld.o ./src/platform.o   -Wl,--start-group,-lxil,-lgcc,-lc,--end-group -Wl,--start-group,-lxilffs,-lxil,-lgcc,-lc,--end-group
'Finished building target: sd_card_control.elf'
' '
'Invoking: ARM Print Size'
arm-xilinx-eabi-size sd_card_control.elf  |tee "sd_card_control.elf.size"
   text	   data	    bss	    dec	    hex	filename
  48172	   1244	  25664	  75080	  12548	sd_card_control.elf
'Finished building: sd_card_control.elf.size'
' '
18:09:28 **** Auto Build of configuration Debug for project sd_card_control ****
make all 
'Building file: ../src/helloworld.c'
'Invoking: ARM gcc compiler'
arm-xilinx-eabi-gcc -Wall -O0 -g3 -c -fmessage-length=0 -MT"src/helloworld.o" -I../../sd_card_control_bsp/ps7_cortexa9_0/include -MMD -MP -MF"src/helloworld.d" -MT"src/helloworld.d" -o "src/helloworld.o" "../src/helloworld.c"
'Finished building: ../src/helloworld.c'
' '
'Building target: sd_card_control.elf'
'Invoking: ARM gcc linker'
arm-xilinx-eabi-gcc -Wl,-T -Wl,../src/lscript.ld -L../../sd_card_control_bsp/ps7_cortexa9_0/lib -o "sd_card_control.elf"  ./src/helloworld.o ./src/platform.o   -Wl,--start-group,-lxil,-lgcc,-lc,--end-group -Wl,--start-group,-lxilffs,-lxil,-lgcc,-lc,--end-group
'Finished building target: sd_card_control.elf'
' '
'Invoking: ARM Print Size'
arm-xilinx-eabi-size sd_card_control.elf  |tee "sd_card_control.elf.size"
   text	   data	    bss	    dec	    hex	filename
  48172	   1244	  25664	  75080	  12548	sd_card_control.elf
'Finished building: sd_card_control.elf.size'
' '
18:10:55 **** Auto Build of configuration Debug for project sd_card_control ****
make all 
'Building file: ../src/helloworld.c'
'Invoking: ARM gcc compiler'
arm-xilinx-eabi-gcc -Wall -O0 -g3 -c -fmessage-length=0 -MT"src/helloworld.o" -I../../sd_card_control_bsp/ps7_cortexa9_0/include -MMD -MP -MF"src/helloworld.d" -MT"src/helloworld.d" -o "src/helloworld.o" "../src/helloworld.c"
'Finished building: ../src/helloworld.c'
' '
'Building target: sd_card_control.elf'
'Invoking: ARM gcc linker'
arm-xilinx-eabi-gcc -Wl,-T -Wl,../src/lscript.ld -L../../sd_card_control_bsp/ps7_cortexa9_0/lib -o "sd_card_control.elf"  ./src/helloworld.o ./src/platform.o   -Wl,--start-group,-lxil,-lgcc,-lc,--end-group -Wl,--start-group,-lxilffs,-lxil,-lgcc,-lc,--end-group
'Finished building target: sd_card_control.elf'
' '
'Invoking: ARM Print Size'
arm-xilinx-eabi-size sd_card_control.elf  |tee "sd_card_control.elf.size"
   text	   data	    bss	    dec	    hex	filename
  48264	   1244	  25664	  75172	  125a4	sd_card_control.elf
'Finished building: sd_card_control.elf.size'
' '
18:11:30 **** Incremental Build of configuration Debug for project sd_card_control ****
make all 
make: Nothing to be done for `all'.
18:11:55 **** Incremental Build of configuration Debug for project sd_card_control ****
make all 
make: Nothing to be done for `all'.
18:17:47 **** Auto Build of configuration Debug for project sd_card_control ****
make all 
'Building file: ../src/helloworld.c'
'Invoking: ARM gcc compiler'
arm-xilinx-eabi-gcc -Wall -O0 -g3 -c -fmessage-length=0 -MT"src/helloworld.o" -I../../sd_card_control_bsp/ps7_cortexa9_0/include -MMD -MP -MF"src/helloworld.d" -MT"src/helloworld.d" -o "src/helloworld.o" "../src/helloworld.c"
../src/helloworld.c: In function 'bmp_upside_down':
../src/helloworld.c:85:2: error: 'for' loop initial declarations are only allowed in C99 or C11 mode
  for(int i = 0; i < rgb_raw_data_offset; i++)
  ^
../src/helloworld.c:85:2: note: use option -std=c99, -std=gnu99, -std=c11 or -std=gnu11 to compile your code
../src/helloworld.c:93:10: error: redefinition of 'i'
  for(int i = 0; i < width * height * 3; i++)
          ^
../src/helloworld.c:85:10: note: previous definition of 'i' was here
  for(int i = 0; i < rgb_raw_data_offset; i++)
          ^
../src/helloworld.c:93:2: error: 'for' loop initial declarations are only allowed in C99 or C11 mode
  for(int i = 0; i < width * height * 3; i++)
  ^
../src/helloworld.c:52:16: warning: unused variable 'image_d' [-Wunused-variable]
  unsigned char image_d[512 * 512 * 3] = {0};  /* 目的圖像用的陣列 */
                ^
../src/helloworld.c:47:10: warning: unused variable 'NumBytesWrite' [-Wunused-variable]
  UINT    NumBytesWrite;  /* Pointer to number of bytes write */
          ^
../src/helloworld.c: At top level:
../src/helloworld.c:14:14: warning: 'fp_d' defined but not used [-Wunused-variable]
 static FIL   fp_d;           /* destination file handler */
              ^
../src/helloworld.c:22:14: warning: 'FileWriteName' defined but not used [-Wunused-variable]
 static char  FileWriteName[32] = "clena_down.bmp";   /* 欲寫入檔案名稱 */
              ^
make: *** [src/helloworld.o] Error 1
18:18:07 **** Auto Build of configuration Debug for project sd_card_control ****
make all 
'Building file: ../src/helloworld.c'
'Invoking: ARM gcc compiler'
arm-xilinx-eabi-gcc -Wall -O0 -g3 -c -fmessage-length=0 -MT"src/helloworld.o" -I../../sd_card_control_bsp/ps7_cortexa9_0/include -MMD -MP -MF"src/helloworld.d" -MT"src/helloworld.d" -o "src/helloworld.o" "../src/helloworld.c"
../src/helloworld.c: In function 'bmp_upside_down':
../src/helloworld.c:52:16: warning: unused variable 'image_d' [-Wunused-variable]
  unsigned char image_d[512 * 512 * 3] = {0};  /* 目的圖像用的陣列 */
                ^
../src/helloworld.c:47:10: warning: unused variable 'NumBytesWrite' [-Wunused-variable]
  UINT    NumBytesWrite;  /* Pointer to number of bytes write */
          ^
../src/helloworld.c: At top level:
../src/helloworld.c:14:14: warning: 'fp_d' defined but not used [-Wunused-variable]
 static FIL   fp_d;           /* destination file handler */
              ^
../src/helloworld.c:22:14: warning: 'FileWriteName' defined but not used [-Wunused-variable]
 static char  FileWriteName[32] = "clena_down.bmp";   /* 欲寫入檔案名稱 */
              ^
'Finished building: ../src/helloworld.c'
' '
'Building target: sd_card_control.elf'
'Invoking: ARM gcc linker'
arm-xilinx-eabi-gcc -Wl,-T -Wl,../src/lscript.ld -L../../sd_card_control_bsp/ps7_cortexa9_0/lib -o "sd_card_control.elf"  ./src/helloworld.o ./src/platform.o   -Wl,--start-group,-lxil,-lgcc,-lc,--end-group -Wl,--start-group,-lxilffs,-lxil,-lgcc,-lc,--end-group
'Finished building target: sd_card_control.elf'
' '
'Invoking: ARM Print Size'
arm-xilinx-eabi-size sd_card_control.elf  |tee "sd_card_control.elf.size"
   text	   data	    bss	    dec	    hex	filename
  47824	   1244	  25664	  74732	  123ec	sd_card_control.elf
'Finished building: sd_card_control.elf.size'
' '
18:18:32 **** Incremental Build of configuration Debug for project sd_card_control ****
make all 
make: Nothing to be done for `all'.
18:19:17 **** Incremental Build of configuration Debug for project sd_card_control ****
make all 
make: Nothing to be done for `all'.
18:25:45 **** Auto Build of configuration Debug for project sd_card_control ****
make all 
'Building file: ../src/helloworld.c'
'Invoking: ARM gcc compiler'
arm-xilinx-eabi-gcc -Wall -O0 -g3 -c -fmessage-length=0 -MT"src/helloworld.o" -I../../sd_card_control_bsp/ps7_cortexa9_0/include -MMD -MP -MF"src/helloworld.d" -MT"src/helloworld.d" -o "src/helloworld.o" "../src/helloworld.c"
../src/helloworld.c: In function 'bmp_upside_down':
../src/helloworld.c:52:16: warning: unused variable 'image_d' [-Wunused-variable]
  unsigned char image_d[512 * 512 * 3] = {0};  /* 目的圖像用的陣列 */
                ^
../src/helloworld.c:47:10: warning: unused variable 'NumBytesWrite' [-Wunused-variable]
  UINT    NumBytesWrite;  /* Pointer to number of bytes write */
          ^
../src/helloworld.c: At top level:
../src/helloworld.c:14:14: warning: 'fp_d' defined but not used [-Wunused-variable]
 static FIL   fp_d;           /* destination file handler */
              ^
../src/helloworld.c:22:14: warning: 'FileWriteName' defined but not used [-Wunused-variable]
 static char  FileWriteName[32] = "clena_down.bmp";   /* 欲寫入檔案名稱 */
              ^
'Finished building: ../src/helloworld.c'
' '
'Building target: sd_card_control.elf'
'Invoking: ARM gcc linker'
arm-xilinx-eabi-gcc -Wl,-T -Wl,../src/lscript.ld -L../../sd_card_control_bsp/ps7_cortexa9_0/lib -o "sd_card_control.elf"  ./src/helloworld.o ./src/platform.o   -Wl,--start-group,-lxil,-lgcc,-lc,--end-group -Wl,--start-group,-lxilffs,-lxil,-lgcc,-lc,--end-group
'Finished building target: sd_card_control.elf'
' '
'Invoking: ARM Print Size'
arm-xilinx-eabi-size sd_card_control.elf  |tee "sd_card_control.elf.size"
   text	   data	    bss	    dec	    hex	filename
  85368	   2412	  25728	 113508	  1bb64	sd_card_control.elf
'Finished building: sd_card_control.elf.size'
' '
18:25:50 **** Incremental Build of configuration Debug for project sd_card_control ****
make all 
make: Nothing to be done for `all'.
18:26:26 **** Auto Build of configuration Debug for project sd_card_control ****
make all 
'Building file: ../src/helloworld.c'
'Invoking: ARM gcc compiler'
arm-xilinx-eabi-gcc -Wall -O0 -g3 -c -fmessage-length=0 -MT"src/helloworld.o" -I../../sd_card_control_bsp/ps7_cortexa9_0/include -MMD -MP -MF"src/helloworld.d" -MT"src/helloworld.d" -o "src/helloworld.o" "../src/helloworld.c"
../src/helloworld.c: In function 'bmp_upside_down':
../src/helloworld.c:52:16: warning: unused variable 'image_d' [-Wunused-variable]
  unsigned char image_d[512 * 512 * 3] = {0};  /* 目的圖像用的陣列 */
                ^
../src/helloworld.c:47:10: warning: unused variable 'NumBytesWrite' [-Wunused-variable]
  UINT    NumBytesWrite;  /* Pointer to number of bytes write */
          ^
../src/helloworld.c: At top level:
../src/helloworld.c:14:14: warning: 'fp_d' defined but not used [-Wunused-variable]
 static FIL   fp_d;           /* destination file handler */
              ^
../src/helloworld.c:22:14: warning: 'FileWriteName' defined but not used [-Wunused-variable]
 static char  FileWriteName[32] = "clena_down.bmp";   /* 欲寫入檔案名稱 */
              ^
'Finished building: ../src/helloworld.c'
' '
'Building target: sd_card_control.elf'
'Invoking: ARM gcc linker'
arm-xilinx-eabi-gcc -Wl,-T -Wl,../src/lscript.ld -L../../sd_card_control_bsp/ps7_cortexa9_0/lib -o "sd_card_control.elf"  ./src/helloworld.o ./src/platform.o   -Wl,--start-group,-lxil,-lgcc,-lc,--end-group -Wl,--start-group,-lxilffs,-lxil,-lgcc,-lc,--end-group
'Finished building target: sd_card_control.elf'
' '
'Invoking: ARM Print Size'
arm-xilinx-eabi-size sd_card_control.elf  |tee "sd_card_control.elf.size"
   text	   data	    bss	    dec	    hex	filename
  85368	   2412	  25728	 113508	  1bb64	sd_card_control.elf
'Finished building: sd_card_control.elf.size'
' '
18:26:31 **** Incremental Build of configuration Debug for project sd_card_control ****
make all 
make: Nothing to be done for `all'.
18:26:50 **** Auto Build of configuration Debug for project sd_card_control ****
make all 
'Building file: ../src/helloworld.c'
'Invoking: ARM gcc compiler'
arm-xilinx-eabi-gcc -Wall -O0 -g3 -c -fmessage-length=0 -MT"src/helloworld.o" -I../../sd_card_control_bsp/ps7_cortexa9_0/include -MMD -MP -MF"src/helloworld.d" -MT"src/helloworld.d" -o "src/helloworld.o" "../src/helloworld.c"
../src/helloworld.c: In function 'bmp_upside_down':
../src/helloworld.c:52:16: warning: unused variable 'image_d' [-Wunused-variable]
  unsigned char image_d[512 * 512 * 3] = {0};  /* 目的圖像用的陣列 */
                ^
../src/helloworld.c:47:10: warning: unused variable 'NumBytesWrite' [-Wunused-variable]
  UINT    NumBytesWrite;  /* Pointer to number of bytes write */
          ^
../src/helloworld.c:46:10: warning: unused variable 'NumBytesRead' [-Wunused-variable]
  UINT    NumBytesRead;   /* Pointer to number of bytes read */
          ^
../src/helloworld.c: At top level:
../src/helloworld.c:13:16: warning: 'fp_s' defined but not used [-Wunused-variable]
 static FIL     fp_s;           /* socure file handler */
                ^
../src/helloworld.c:14:14: warning: 'fp_d' defined but not used [-Wunused-variable]
 static FIL   fp_d;           /* destination file handler */
              ^
../src/helloworld.c:16:14: warning: 'fatfs' defined but not used [-Wunused-variable]
 static FATFS fatfs;           /* File System Object Structure */
              ^
../src/helloworld.c:17:16: warning: 'res' defined but not used [-Wunused-variable]
 static FRESULT res;           /* File Function Return Code */
                ^
../src/helloworld.c:19:15: warning: 'Path' defined but not used [-Wunused-variable]
 static TCHAR *Path = "0:/";         /* 掛載路徑 */
               ^
../src/helloworld.c:21:14: warning: 'FileReadName' defined but not used [-Wunused-variable]
 static char  FileReadName[32] = "clena.bmp";     /* 欲讀取檔案名稱 */
              ^
../src/helloworld.c:22:14: warning: 'FileWriteName' defined but not used [-Wunused-variable]
 static char  FileWriteName[32] = "clena_down.bmp";   /* 欲寫入檔案名稱 */
              ^
../src/helloworld.c:23:15: warning: 'sd_file' defined but not used [-Wunused-variable]
 static char  *sd_file;
               ^
'Finished building: ../src/helloworld.c'
' '
'Building target: sd_card_control.elf'
'Invoking: ARM gcc linker'
arm-xilinx-eabi-gcc -Wl,-T -Wl,../src/lscript.ld -L../../sd_card_control_bsp/ps7_cortexa9_0/lib -o "sd_card_control.elf"  ./src/helloworld.o ./src/platform.o   -Wl,--start-group,-lxil,-lgcc,-lc,--end-group -Wl,--start-group,-lxilffs,-lxil,-lgcc,-lc,--end-group
'Finished building target: sd_card_control.elf'
' '
'Invoking: ARM Print Size'
arm-xilinx-eabi-size sd_card_control.elf  |tee "sd_card_control.elf.size"
   text	   data	    bss	    dec	    hex	filename
  63536	   2392	  24416	  90344	  160e8	sd_card_control.elf
'Finished building: sd_card_control.elf.size'
' '
18:26:53 **** Incremental Build of configuration Debug for project sd_card_control ****
make all 
make: Nothing to be done for `all'.
18:27:57 **** Auto Build of configuration Debug for project sd_card_control ****
make all 
'Building file: ../src/helloworld.c'
'Invoking: ARM gcc compiler'
arm-xilinx-eabi-gcc -Wall -O0 -g3 -c -fmessage-length=0 -MT"src/helloworld.o" -I../../sd_card_control_bsp/ps7_cortexa9_0/include -MMD -MP -MF"src/helloworld.d" -MT"src/helloworld.d" -o "src/helloworld.o" "../src/helloworld.c"
../src/helloworld.c: In function 'bmp_upside_down':
../src/helloworld.c:54:16: warning: unused variable 'image_d' [-Wunused-variable]
  unsigned char image_d[512 * 512 * 3] = {0};  /* 目的圖像用的陣列 */
                ^
../src/helloworld.c:49:10: warning: unused variable 'NumBytesWrite' [-Wunused-variable]
  UINT    NumBytesWrite;  /* Pointer to number of bytes write */
          ^
../src/helloworld.c:48:10: warning: unused variable 'NumBytesRead' [-Wunused-variable]
  UINT    NumBytesRead;   /* Pointer to number of bytes read */
          ^
../src/helloworld.c: At top level:
../src/helloworld.c:13:16: warning: 'fp_s' defined but not used [-Wunused-variable]
 static FIL     fp_s;           /* socure file handler */
                ^
../src/helloworld.c:14:14: warning: 'fp_d' defined but not used [-Wunused-variable]
 static FIL   fp_d;           /* destination file handler */
              ^
../src/helloworld.c:16:14: warning: 'fatfs' defined but not used [-Wunused-variable]
 static FATFS fatfs;           /* File System Object Structure */
              ^
../src/helloworld.c:17:16: warning: 'res' defined but not used [-Wunused-variable]
 static FRESULT res;           /* File Function Return Code */
                ^
../src/helloworld.c:19:15: warning: 'Path' defined but not used [-Wunused-variable]
 static TCHAR *Path = "0:/";         /* 掛載路徑 */
               ^
../src/helloworld.c:21:14: warning: 'FileReadName' defined but not used [-Wunused-variable]
 static char  FileReadName[32] = "clena.bmp";     /* 欲讀取檔案名稱 */
              ^
../src/helloworld.c:22:14: warning: 'FileWriteName' defined but not used [-Wunused-variable]
 static char  FileWriteName[32] = "clena_down.bmp";   /* 欲寫入檔案名稱 */
              ^
../src/helloworld.c:23:15: warning: 'sd_file' defined but not used [-Wunused-variable]
 static char  *sd_file;
               ^
'Finished building: ../src/helloworld.c'
' '
'Building target: sd_card_control.elf'
'Invoking: ARM gcc linker'
arm-xilinx-eabi-gcc -Wl,-T -Wl,../src/lscript.ld -L../../sd_card_control_bsp/ps7_cortexa9_0/lib -o "sd_card_control.elf"  ./src/helloworld.o ./src/platform.o   -Wl,--start-group,-lxil,-lgcc,-lc,--end-group -Wl,--start-group,-lxilffs,-lxil,-lgcc,-lc,--end-group
'Finished building target: sd_card_control.elf'
' '
'Invoking: ARM Print Size'
arm-xilinx-eabi-size sd_card_control.elf  |tee "sd_card_control.elf.size"
   text	   data	    bss	    dec	    hex	filename
  63624	   2392	  24416	  90432	  16140	sd_card_control.elf
'Finished building: sd_card_control.elf.size'
' '
18:28:11 **** Incremental Build of configuration Debug for project sd_card_control ****
make all 
make: Nothing to be done for `all'.
18:28:26 **** Auto Build of configuration Debug for project sd_card_control ****
make all 
'Building file: ../src/helloworld.c'
'Invoking: ARM gcc compiler'
arm-xilinx-eabi-gcc -Wall -O0 -g3 -c -fmessage-length=0 -MT"src/helloworld.o" -I../../sd_card_control_bsp/ps7_cortexa9_0/include -MMD -MP -MF"src/helloworld.d" -MT"src/helloworld.d" -o "src/helloworld.o" "../src/helloworld.c"
../src/helloworld.c: In function 'bmp_upside_down':
../src/helloworld.c:54:16: warning: unused variable 'image_d' [-Wunused-variable]
  unsigned char image_d[512 * 512 * 3] = {0};  /* 目的圖像用的陣列 */
                ^
../src/helloworld.c:49:10: warning: unused variable 'NumBytesWrite' [-Wunused-variable]
  UINT    NumBytesWrite;  /* Pointer to number of bytes write */
          ^
../src/helloworld.c:48:10: warning: unused variable 'NumBytesRead' [-Wunused-variable]
  UINT    NumBytesRead;   /* Pointer to number of bytes read */
          ^
../src/helloworld.c: At top level:
../src/helloworld.c:13:16: warning: 'fp_s' defined but not used [-Wunused-variable]
 static FIL     fp_s;           /* socure file handler */
                ^
../src/helloworld.c:14:14: warning: 'fp_d' defined but not used [-Wunused-variable]
 static FIL   fp_d;           /* destination file handler */
              ^
../src/helloworld.c:16:14: warning: 'fatfs' defined but not used [-Wunused-variable]
 static FATFS fatfs;           /* File System Object Structure */
              ^
../src/helloworld.c:17:16: warning: 'res' defined but not used [-Wunused-variable]
 static FRESULT res;           /* File Function Return Code */
                ^
../src/helloworld.c:19:15: warning: 'Path' defined but not used [-Wunused-variable]
 static TCHAR *Path = "0:/";         /* 掛載路徑 */
               ^
../src/helloworld.c:21:14: warning: 'FileReadName' defined but not used [-Wunused-variable]
 static char  FileReadName[32] = "clena.bmp";     /* 欲讀取檔案名稱 */
              ^
../src/helloworld.c:22:14: warning: 'FileWriteName' defined but not used [-Wunused-variable]
 static char  FileWriteName[32] = "clena_down.bmp";   /* 欲寫入檔案名稱 */
              ^
../src/helloworld.c:23:15: warning: 'sd_file' defined but not used [-Wunused-variable]
 static char  *sd_file;
               ^
'Finished building: ../src/helloworld.c'
' '
'Building target: sd_card_control.elf'
'Invoking: ARM gcc linker'
arm-xilinx-eabi-gcc -Wl,-T -Wl,../src/lscript.ld -L../../sd_card_control_bsp/ps7_cortexa9_0/lib -o "sd_card_control.elf"  ./src/helloworld.o ./src/platform.o   -Wl,--start-group,-lxil,-lgcc,-lc,--end-group -Wl,--start-group,-lxilffs,-lxil,-lgcc,-lc,--end-group
'Finished building target: sd_card_control.elf'
' '
'Invoking: ARM Print Size'
arm-xilinx-eabi-size sd_card_control.elf  |tee "sd_card_control.elf.size"
   text	   data	    bss	    dec	    hex	filename
  63624	   2392	  24416	  90432	  16140	sd_card_control.elf
'Finished building: sd_card_control.elf.size'
' '
18:28:42 **** Auto Build of configuration Debug for project sd_card_control ****
make all 
'Building file: ../src/helloworld.c'
'Invoking: ARM gcc compiler'
arm-xilinx-eabi-gcc -Wall -O0 -g3 -c -fmessage-length=0 -MT"src/helloworld.o" -I../../sd_card_control_bsp/ps7_cortexa9_0/include -MMD -MP -MF"src/helloworld.d" -MT"src/helloworld.d" -o "src/helloworld.o" "../src/helloworld.c"
../src/helloworld.c: In function 'bmp_upside_down':
../src/helloworld.c:54:16: warning: unused variable 'image_d' [-Wunused-variable]
  unsigned char image_d[512 * 512 * 3] = {0};  /* 目的圖像用的陣列 */
                ^
../src/helloworld.c:49:10: warning: unused variable 'NumBytesWrite' [-Wunused-variable]
  UINT    NumBytesWrite;  /* Pointer to number of bytes write */
          ^
../src/helloworld.c:48:10: warning: unused variable 'NumBytesRead' [-Wunused-variable]
  UINT    NumBytesRead;   /* Pointer to number of bytes read */
          ^
../src/helloworld.c: At top level:
../src/helloworld.c:13:16: warning: 'fp_s' defined but not used [-Wunused-variable]
 static FIL     fp_s;           /* socure file handler */
                ^
../src/helloworld.c:14:14: warning: 'fp_d' defined but not used [-Wunused-variable]
 static FIL   fp_d;           /* destination file handler */
              ^
../src/helloworld.c:16:14: warning: 'fatfs' defined but not used [-Wunused-variable]
 static FATFS fatfs;           /* File System Object Structure */
              ^
../src/helloworld.c:17:16: warning: 'res' defined but not used [-Wunused-variable]
 static FRESULT res;           /* File Function Return Code */
                ^
../src/helloworld.c:19:15: warning: 'Path' defined but not used [-Wunused-variable]
 static TCHAR *Path = "0:/";         /* 掛載路徑 */
               ^
../src/helloworld.c:21:14: warning: 'FileReadName' defined but not used [-Wunused-variable]
 static char  FileReadName[32] = "clena.bmp";     /* 欲讀取檔案名稱 */
              ^
../src/helloworld.c:22:14: warning: 'FileWriteName' defined but not used [-Wunused-variable]
 static char  FileWriteName[32] = "clena_down.bmp";   /* 欲寫入檔案名稱 */
              ^
../src/helloworld.c:23:15: warning: 'sd_file' defined but not used [-Wunused-variable]
 static char  *sd_file;
               ^
'Finished building: ../src/helloworld.c'
' '
'Building target: sd_card_control.elf'
'Invoking: ARM gcc linker'
arm-xilinx-eabi-gcc -Wl,-T -Wl,../src/lscript.ld -L../../sd_card_control_bsp/ps7_cortexa9_0/lib -o "sd_card_control.elf"  ./src/helloworld.o ./src/platform.o   -Wl,--start-group,-lxil,-lgcc,-lc,--end-group -Wl,--start-group,-lxilffs,-lxil,-lgcc,-lc,--end-group
'Finished building target: sd_card_control.elf'
' '
'Invoking: ARM Print Size'
arm-xilinx-eabi-size sd_card_control.elf  |tee "sd_card_control.elf.size"
   text	   data	    bss	    dec	    hex	filename
  63696	   2392	  24416	  90504	  16188	sd_card_control.elf
'Finished building: sd_card_control.elf.size'
' '
18:28:47 **** Incremental Build of configuration Debug for project sd_card_control ****
make all 
make: Nothing to be done for `all'.
18:30:33 **** Incremental Build of configuration Debug for project sd_card_control ****
make all 
make: Nothing to be done for `all'.
18:30:50 **** Auto Build of configuration Debug for project sd_card_control ****
make all 
'Building file: ../src/helloworld.c'
'Invoking: ARM gcc compiler'
arm-xilinx-eabi-gcc -Wall -O0 -g3 -c -fmessage-length=0 -MT"src/helloworld.o" -I../../sd_card_control_bsp/ps7_cortexa9_0/include -MMD -MP -MF"src/helloworld.d" -MT"src/helloworld.d" -o "src/helloworld.o" "../src/helloworld.c"
../src/helloworld.c: In function 'bmp_upside_down':
../src/helloworld.c:54:16: warning: unused variable 'image_d' [-Wunused-variable]
  unsigned char image_d[512 * 512 * 3] = {0};  /* 目的圖像用的陣列 */
                ^
../src/helloworld.c:49:10: warning: unused variable 'NumBytesWrite' [-Wunused-variable]
  UINT    NumBytesWrite;  /* Pointer to number of bytes write */
          ^
../src/helloworld.c:48:10: warning: unused variable 'NumBytesRead' [-Wunused-variable]
  UINT    NumBytesRead;   /* Pointer to number of bytes read */
          ^
../src/helloworld.c: At top level:
../src/helloworld.c:13:16: warning: 'fp_s' defined but not used [-Wunused-variable]
 static FIL     fp_s;           /* socure file handler */
                ^
../src/helloworld.c:14:14: warning: 'fp_d' defined but not used [-Wunused-variable]
 static FIL   fp_d;           /* destination file handler */
              ^
../src/helloworld.c:16:14: warning: 'fatfs' defined but not used [-Wunused-variable]
 static FATFS fatfs;           /* File System Object Structure */
              ^
../src/helloworld.c:17:16: warning: 'res' defined but not used [-Wunused-variable]
 static FRESULT res;           /* File Function Return Code */
                ^
../src/helloworld.c:19:15: warning: 'Path' defined but not used [-Wunused-variable]
 static TCHAR *Path = "0:/";         /* 掛載路徑 */
               ^
../src/helloworld.c:21:14: warning: 'FileReadName' defined but not used [-Wunused-variable]
 static char  FileReadName[32] = "clena.bmp";     /* 欲讀取檔案名稱 */
              ^
../src/helloworld.c:22:14: warning: 'FileWriteName' defined but not used [-Wunused-variable]
 static char  FileWriteName[32] = "clena_down.bmp";   /* 欲寫入檔案名稱 */
              ^
../src/helloworld.c:23:15: warning: 'sd_file' defined but not used [-Wunused-variable]
 static char  *sd_file;
               ^
../src/helloworld.c: In function 'main':
../src/helloworld.c:35:4: warning: 'a' is used uninitialized in this function [-Wuninitialized]
  if(a != XST_SUCCESS)
    ^
'Finished building: ../src/helloworld.c'
' '
'Building target: sd_card_control.elf'
'Invoking: ARM gcc linker'
arm-xilinx-eabi-gcc -Wl,-T -Wl,../src/lscript.ld -L../../sd_card_control_bsp/ps7_cortexa9_0/lib -o "sd_card_control.elf"  ./src/helloworld.o ./src/platform.o   -Wl,--start-group,-lxil,-lgcc,-lc,--end-group -Wl,--start-group,-lxilffs,-lxil,-lgcc,-lc,--end-group
'Finished building target: sd_card_control.elf'
' '
'Invoking: ARM Print Size'
arm-xilinx-eabi-size sd_card_control.elf  |tee "sd_card_control.elf.size"
   text	   data	    bss	    dec	    hex	filename
  63696	   2392	  24416	  90504	  16188	sd_card_control.elf
'Finished building: sd_card_control.elf.size'
' '
18:30:58 **** Incremental Build of configuration Debug for project sd_card_control ****
make all 
make: Nothing to be done for `all'.
18:31:14 **** Auto Build of configuration Debug for project sd_card_control ****
make all 
'Building file: ../src/helloworld.c'
'Invoking: ARM gcc compiler'
arm-xilinx-eabi-gcc -Wall -O0 -g3 -c -fmessage-length=0 -MT"src/helloworld.o" -I../../sd_card_control_bsp/ps7_cortexa9_0/include -MMD -MP -MF"src/helloworld.d" -MT"src/helloworld.d" -o "src/helloworld.o" "../src/helloworld.c"
../src/helloworld.c: In function 'main':
../src/helloworld.c:39:17: warning: unused variable 'image_d' [-Wunused-variable]
   unsigned char image_d[512 * 512 * 3] = {0};  /* 目的圖像用的陣列 */
                 ^
../src/helloworld.c:34:11: warning: unused variable 'NumBytesWrite' [-Wunused-variable]
   UINT    NumBytesWrite;  /* Pointer to number of bytes write */
           ^
../src/helloworld.c:33:10: warning: unused variable 'NumBytesRead' [-Wunused-variable]
  UINT    NumBytesRead;   /* Pointer to number of bytes read */
          ^
../src/helloworld.c: In function 'bmp_upside_down':
../src/helloworld.c:86:16: warning: unused variable 'image_d' [-Wunused-variable]
  unsigned char image_d[512 * 512 * 3] = {0};  /* 目的圖像用的陣列 */
                ^
../src/helloworld.c:81:10: warning: unused variable 'NumBytesWrite' [-Wunused-variable]
  UINT    NumBytesWrite;  /* Pointer to number of bytes write */
          ^
../src/helloworld.c:80:10: warning: unused variable 'NumBytesRead' [-Wunused-variable]
  UINT    NumBytesRead;   /* Pointer to number of bytes read */
          ^
../src/helloworld.c: At top level:
../src/helloworld.c:13:16: warning: 'fp_s' defined but not used [-Wunused-variable]
 static FIL     fp_s;           /* socure file handler */
                ^
../src/helloworld.c:14:14: warning: 'fp_d' defined but not used [-Wunused-variable]
 static FIL   fp_d;           /* destination file handler */
              ^
../src/helloworld.c:16:14: warning: 'fatfs' defined but not used [-Wunused-variable]
 static FATFS fatfs;           /* File System Object Structure */
              ^
../src/helloworld.c:17:16: warning: 'res' defined but not used [-Wunused-variable]
 static FRESULT res;           /* File Function Return Code */
                ^
../src/helloworld.c:19:15: warning: 'Path' defined but not used [-Wunused-variable]
 static TCHAR *Path = "0:/";         /* 掛載路徑 */
               ^
../src/helloworld.c:21:14: warning: 'FileReadName' defined but not used [-Wunused-variable]
 static char  FileReadName[32] = "clena.bmp";     /* 欲讀取檔案名稱 */
              ^
../src/helloworld.c:22:14: warning: 'FileWriteName' defined but not used [-Wunused-variable]
 static char  FileWriteName[32] = "clena_down.bmp";   /* 欲寫入檔案名稱 */
              ^
../src/helloworld.c:23:15: warning: 'sd_file' defined but not used [-Wunused-variable]
 static char  *sd_file;
               ^
../src/helloworld.c: In function 'main':
../src/helloworld.c:67:4: warning: 'a' is used uninitialized in this function [-Wuninitialized]
  if(a != XST_SUCCESS)
    ^
'Finished building: ../src/helloworld.c'
' '
'Building target: sd_card_control.elf'
'Invoking: ARM gcc linker'
arm-xilinx-eabi-gcc -Wl,-T -Wl,../src/lscript.ld -L../../sd_card_control_bsp/ps7_cortexa9_0/lib -o "sd_card_control.elf"  ./src/helloworld.o ./src/platform.o   -Wl,--start-group,-lxil,-lgcc,-lc,--end-group -Wl,--start-group,-lxilffs,-lxil,-lgcc,-lc,--end-group
'Finished building target: sd_card_control.elf'
' '
'Invoking: ARM Print Size'
arm-xilinx-eabi-size sd_card_control.elf  |tee "sd_card_control.elf.size"
   text	   data	    bss	    dec	    hex	filename
  64336	   2392	  24416	  91144	  16408	sd_card_control.elf
'Finished building: sd_card_control.elf.size'
' '
18:31:18 **** Incremental Build of configuration Debug for project sd_card_control ****
make all 
make: Nothing to be done for `all'.
18:31:39 **** Auto Build of configuration Debug for project sd_card_control ****
make all 
'Building file: ../src/helloworld.c'
'Invoking: ARM gcc compiler'
arm-xilinx-eabi-gcc -Wall -O0 -g3 -c -fmessage-length=0 -MT"src/helloworld.o" -I../../sd_card_control_bsp/ps7_cortexa9_0/include -MMD -MP -MF"src/helloworld.d" -MT"src/helloworld.d" -o "src/helloworld.o" "../src/helloworld.c"
../src/helloworld.c: In function 'main':
../src/helloworld.c:39:17: warning: unused variable 'image_d' [-Wunused-variable]
   unsigned char image_d[512 * 512 * 3] = {0};  /* 目的圖像用的陣列 */
                 ^
../src/helloworld.c:34:11: warning: unused variable 'NumBytesWrite' [-Wunused-variable]
   UINT    NumBytesWrite;  /* Pointer to number of bytes write */
           ^
../src/helloworld.c:33:10: warning: unused variable 'NumBytesRead' [-Wunused-variable]
  UINT    NumBytesRead;   /* Pointer to number of bytes read */
          ^
../src/helloworld.c: In function 'bmp_upside_down':
../src/helloworld.c:86:16: warning: unused variable 'image_d' [-Wunused-variable]
  unsigned char image_d[512 * 512 * 3] = {0};  /* 目的圖像用的陣列 */
                ^
../src/helloworld.c:81:10: warning: unused variable 'NumBytesWrite' [-Wunused-variable]
  UINT    NumBytesWrite;  /* Pointer to number of bytes write */
          ^
../src/helloworld.c:80:10: warning: unused variable 'NumBytesRead' [-Wunused-variable]
  UINT    NumBytesRead;   /* Pointer to number of bytes read */
          ^
../src/helloworld.c: At top level:
../src/helloworld.c:13:16: warning: 'fp_s' defined but not used [-Wunused-variable]
 static FIL     fp_s;           /* socure file handler */
                ^
../src/helloworld.c:14:14: warning: 'fp_d' defined but not used [-Wunused-variable]
 static FIL   fp_d;           /* destination file handler */
              ^
../src/helloworld.c:16:14: warning: 'fatfs' defined but not used [-Wunused-variable]
 static FATFS fatfs;           /* File System Object Structure */
              ^
../src/helloworld.c:17:16: warning: 'res' defined but not used [-Wunused-variable]
 static FRESULT res;           /* File Function Return Code */
                ^
../src/helloworld.c:19:15: warning: 'Path' defined but not used [-Wunused-variable]
 static TCHAR *Path = "0:/";         /* 掛載路徑 */
               ^
../src/helloworld.c:21:14: warning: 'FileReadName' defined but not used [-Wunused-variable]
 static char  FileReadName[32] = "clena.bmp";     /* 欲讀取檔案名稱 */
              ^
../src/helloworld.c:22:14: warning: 'FileWriteName' defined but not used [-Wunused-variable]
 static char  FileWriteName[32] = "clena_down.bmp";   /* 欲寫入檔案名稱 */
              ^
../src/helloworld.c:23:15: warning: 'sd_file' defined but not used [-Wunused-variable]
 static char  *sd_file;
               ^
../src/helloworld.c: In function 'main':
../src/helloworld.c:67:4: warning: 'a' is used uninitialized in this function [-Wuninitialized]
  if(a != XST_SUCCESS)
    ^
'Finished building: ../src/helloworld.c'
' '
'Building target: sd_card_control.elf'
'Invoking: ARM gcc linker'
arm-xilinx-eabi-gcc -Wl,-T -Wl,../src/lscript.ld -L../../sd_card_control_bsp/ps7_cortexa9_0/lib -o "sd_card_control.elf"  ./src/helloworld.o ./src/platform.o   -Wl,--start-group,-lxil,-lgcc,-lc,--end-group -Wl,--start-group,-lxilffs,-lxil,-lgcc,-lc,--end-group
'Finished building target: sd_card_control.elf'
' '
'Invoking: ARM Print Size'
arm-xilinx-eabi-size sd_card_control.elf  |tee "sd_card_control.elf.size"
   text	   data	    bss	    dec	    hex	filename
  64336	   2392	  24416	  91144	  16408	sd_card_control.elf
'Finished building: sd_card_control.elf.size'
' '
18:31:48 **** Incremental Build of configuration Debug for project sd_card_control ****
make all 
make: Nothing to be done for `all'.
18:33:50 **** Auto Build of configuration Debug for project sd_card_control ****
make all 
'Building file: ../src/helloworld.c'
'Invoking: ARM gcc compiler'
arm-xilinx-eabi-gcc -Wall -O0 -g3 -c -fmessage-length=0 -MT"src/helloworld.o" -I../../sd_card_control_bsp/ps7_cortexa9_0/include -MMD -MP -MF"src/helloworld.d" -MT"src/helloworld.d" -o "src/helloworld.o" "../src/helloworld.c"
../src/helloworld.c: In function 'FfsSdPolledExample':
../src/helloworld.c:179:2: warning: implicit declaration of function 'f_mkfs' [-Wimplicit-function-declaration]
  Res = f_mkfs(Path, 0, 0);
  ^
'Finished building: ../src/helloworld.c'
' '
'Building target: sd_card_control.elf'
'Invoking: ARM gcc linker'
arm-xilinx-eabi-gcc -Wl,-T -Wl,../src/lscript.ld -L../../sd_card_control_bsp/ps7_cortexa9_0/lib -o "sd_card_control.elf"  ./src/helloworld.o ./src/platform.o   -Wl,--start-group,-lxil,-lgcc,-lc,--end-group -Wl,--start-group,-lxilffs,-lxil,-lgcc,-lc,--end-group
./src/helloworld.o: In function `FfsSdPolledExample':
D:\Xilinx_Project\SD_CARD_ReadWrite\SD_CARD_ReadWrite\SD_CARD_ReadWrite.sdk\sd_card_control\Debug/../src/helloworld.c:179: undefined reference to `f_mkfs'
collect2.exe: error: ld returned 1 exit status
make: *** [sd_card_control.elf] Error 1
18:35:22 **** Auto Build of configuration Debug for project sd_card_control ****
make all 
'Building file: ../src/helloworld.c'
'Invoking: ARM gcc compiler'
arm-xilinx-eabi-gcc -Wall -O0 -g3 -c -fmessage-length=0 -MT"src/helloworld.o" -I../../sd_card_control_bsp/ps7_cortexa9_0/include -MMD -MP -MF"src/helloworld.d" -MT"src/helloworld.d" -o "src/helloworld.o" "../src/helloworld.c"
../src/helloworld.c: In function 'FfsSdPolledExample':
../src/helloworld.c:179:2: warning: implicit declaration of function 'f_mkfs' [-Wimplicit-function-declaration]
  Res = f_mkfs(Path, 0, 0);
  ^
'Finished building: ../src/helloworld.c'
' '
'Building target: sd_card_control.elf'
'Invoking: ARM gcc linker'
[...]
../src/helloworld.c: In function 'bmp_upside_down':
../src/helloworld.c:80:16: warning: unused variable 'y_d' [-Wunused-variable]
  unsigned int  y_d;      /* y軸的目標 */
                ^
../src/helloworld.c:79:16: warning: unused variable 'y_avg' [-Wunused-variable]
  unsigned int  y_avg;     /* y軸的平均值 */
                ^
../src/helloworld.c:76:19: warning: unused variable 'y' [-Wunused-variable]
  unsigned int  x, y;      /* 迴圈計數 */
                   ^
../src/helloworld.c:76:16: warning: unused variable 'x' [-Wunused-variable]
  unsigned int  x, y;      /* 迴圈計數 */
                ^
'Finished building: ../src/helloworld.c'
' '
'Building target: sd_card_control.elf'
'Invoking: ARM gcc linker'
arm-xilinx-eabi-gcc -Wl,-T -Wl,../src/lscript.ld -L../../sd_card_control_bsp/ps7_cortexa9_0/lib -o "sd_card_control.elf"  ./src/helloworld.o ./src/platform.o   -Wl,--start-group,-lxil,-lgcc,-lc,--end-group -Wl,--start-group,-lxilffs,-lxil,-lgcc,-lc,--end-group -Wl,--start-group,-lrsa,-lxil,-lgcc,-lc,--end-group
'Finished building target: sd_card_control.elf'
' '
'Invoking: ARM Print Size'
arm-xilinx-eabi-size sd_card_control.elf  |tee "sd_card_control.elf.size"
   text	   data	    bss	    dec	    hex	filename
  48060	   1316	1598528	1647904	 192520	sd_card_control.elf
'Finished building: sd_card_control.elf.size'
' '
21:46:17 **** Incremental Build of configuration Debug for project sd_card_control ****
make all 
make: Nothing to be done for `all'.
21:47:21 **** Auto Build of configuration Debug for project sd_card_control ****
make all 
'Building file: ../src/helloworld.c'
'Invoking: ARM gcc compiler'
arm-xilinx-eabi-gcc -Wall -O0 -g3 -c -fmessage-length=0 -MT"src/helloworld.o" -I../../sd_card_control_bsp/ps7_cortexa9_0/include -MMD -MP -MF"src/helloworld.d" -MT"src/helloworld.d" -o "src/helloworld.o" "../src/helloworld.c"
../src/helloworld.c: In function 'bmp_upside_down':
../src/helloworld.c:80:16: warning: unused variable 'y_d' [-Wunused-variable]
  unsigned int  y_d;      /* y軸的目標 */
                ^
../src/helloworld.c:79:16: warning: unused variable 'y_avg' [-Wunused-variable]
  unsigned int  y_avg;     /* y軸的平均值 */
                ^
../src/helloworld.c:76:19: warning: unused variable 'y' [-Wunused-variable]
  unsigned int  x, y;      /* 迴圈計數 */
                   ^
../src/helloworld.c:76:16: warning: unused variable 'x' [-Wunused-variable]
  unsigned int  x, y;      /* 迴圈計數 */
                ^
'Finished building: ../src/helloworld.c'
' '
'Building target: sd_card_control.elf'
'Invoking: ARM gcc linker'
arm-xilinx-eabi-gcc -Wl,-T -Wl,../src/lscript.ld -L../../sd_card_control_bsp/ps7_cortexa9_0/lib -o "sd_card_control.elf"  ./src/helloworld.o ./src/platform.o   -Wl,--start-group,-lxil,-lgcc,-lc,--end-group -Wl,--start-group,-lxilffs,-lxil,-lgcc,-lc,--end-group -Wl,--start-group,-lrsa,-lxil,-lgcc,-lc,--end-group
'Finished building target: sd_card_control.elf'
' '
'Invoking: ARM Print Size'
arm-xilinx-eabi-size sd_card_control.elf  |tee "sd_card_control.elf.size"
   text	   data	    bss	    dec	    hex	filename
  48060	   1316	1598528	1647904	 192520	sd_card_control.elf
'Finished building: sd_card_control.elf.size'
' '
21:47:24 **** Incremental Build of configuration Debug for project sd_card_control ****
make all 
make: Nothing to be done for `all'.
21:47:48 **** Auto Build of configuration Debug for project sd_card_control ****
make all 
'Building file: ../src/helloworld.c'
'Invoking: ARM gcc compiler'
arm-xilinx-eabi-gcc -Wall -O0 -g3 -c -fmessage-length=0 -MT"src/helloworld.o" -I../../sd_card_control_bsp/ps7_cortexa9_0/include -MMD -MP -MF"src/helloworld.d" -MT"src/helloworld.d" -o "src/helloworld.o" "../src/helloworld.c"
../src/helloworld.c: In function 'bmp_upside_down':
../src/helloworld.c:80:16: warning: unused variable 'y_d' [-Wunused-variable]
  unsigned int  y_d;      /* y軸的目標 */
                ^
../src/helloworld.c:79:16: warning: unused variable 'y_avg' [-Wunused-variable]
  unsigned int  y_avg;     /* y軸的平均值 */
                ^
../src/helloworld.c:76:19: warning: unused variable 'y' [-Wunused-variable]
  unsigned int  x, y;      /* 迴圈計數 */
                   ^
../src/helloworld.c:76:16: warning: unused variable 'x' [-Wunused-variable]
  unsigned int  x, y;      /* 迴圈計數 */
                ^
'Finished building: ../src/helloworld.c'
' '
'Building target: sd_card_control.elf'
'Invoking: ARM gcc linker'
arm-xilinx-eabi-gcc -Wl,-T -Wl,../src/lscript.ld -L../../sd_card_control_bsp/ps7_cortexa9_0/lib -o "sd_card_control.elf"  ./src/helloworld.o ./src/platform.o   -Wl,--start-group,-lxil,-lgcc,-lc,--end-group -Wl,--start-group,-lxilffs,-lxil,-lgcc,-lc,--end-group -Wl,--start-group,-lrsa,-lxil,-lgcc,-lc,--end-group
'Finished building target: sd_card_control.elf'
' '
'Invoking: ARM Print Size'
arm-xilinx-eabi-size sd_card_control.elf  |tee "sd_card_control.elf.size"
   text	   data	    bss	    dec	    hex	filename
  48060	   1316	1598528	1647904	 192520	sd_card_control.elf
'Finished building: sd_card_control.elf.size'
' '
21:47:51 **** Incremental Build of configuration Debug for project sd_card_control ****
make all 
make: Nothing to be done for `all'.
21:48:24 **** Auto Build of configuration Debug for project sd_card_control ****
make all 
'Building file: ../src/helloworld.c'
'Invoking: ARM gcc compiler'
arm-xilinx-eabi-gcc -Wall -O0 -g3 -c -fmessage-length=0 -MT"src/helloworld.o" -I../../sd_card_control_bsp/ps7_cortexa9_0/include -MMD -MP -MF"src/helloworld.d" -MT"src/helloworld.d" -o "src/helloworld.o" "../src/helloworld.c"
../src/helloworld.c: In function 'bmp_upside_down':
../src/helloworld.c:80:16: warning: unused variable 'y_d' [-Wunused-variable]
  unsigned int  y_d;      /* y軸的目標 */
                ^
../src/helloworld.c:79:16: warning: unused variable 'y_avg' [-Wunused-variable]
  unsigned int  y_avg;     /* y軸的平均值 */
                ^
../src/helloworld.c:76:19: warning: unused variable 'y' [-Wunused-variable]
  unsigned int  x, y;      /* 迴圈計數 */
                   ^
../src/helloworld.c:76:16: warning: unused variable 'x' [-Wunused-variable]
  unsigned int  x, y;      /* 迴圈計數 */
                ^
'Finished building: ../src/helloworld.c'
' '
'Building target: sd_card_control.elf'
'Invoking: ARM gcc linker'
arm-xilinx-eabi-gcc -Wl,-T -Wl,../src/lscript.ld -L../../sd_card_control_bsp/ps7_cortexa9_0/lib -o "sd_card_control.elf"  ./src/helloworld.o ./src/platform.o   -Wl,--start-group,-lxil,-lgcc,-lc,--end-group -Wl,--start-group,-lxilffs,-lxil,-lgcc,-lc,--end-group -Wl,--start-group,-lrsa,-lxil,-lgcc,-lc,--end-group
'Finished building target: sd_card_control.elf'
' '
'Invoking: ARM Print Size'
arm-xilinx-eabi-size sd_card_control.elf  |tee "sd_card_control.elf.size"
   text	   data	    bss	    dec	    hex	filename
  48060	   1316	1598528	1647904	 192520	sd_card_control.elf
'Finished building: sd_card_control.elf.size'
' '
21:48:29 **** Incremental Build of configuration Debug for project sd_card_control ****
make all 
make: Nothing to be done for `all'.
21:49:20 **** Auto Build of configuration Debug for project sd_card_control ****
make all 
'Building file: ../src/helloworld.c'
'Invoking: ARM gcc compiler'
arm-xilinx-eabi-gcc -Wall -O0 -g3 -c -fmessage-length=0 -MT"src/helloworld.o" -I../../sd_card_control_bsp/ps7_cortexa9_0/include -MMD -MP -MF"src/helloworld.d" -MT"src/helloworld.d" -o "src/helloworld.o" "../src/helloworld.c"
../src/helloworld.c: In function 'bmp_upside_down':
../src/helloworld.c:80:16: warning: unused variable 'y_d' [-Wunused-variable]
  unsigned int  y_d;      /* y軸的目標 */
                ^
../src/helloworld.c:79:16: warning: unused variable 'y_avg' [-Wunused-variable]
  unsigned int  y_avg;     /* y軸的平均值 */
                ^
../src/helloworld.c:76:19: warning: unused variable 'y' [-Wunused-variable]
  unsigned int  x, y;      /* 迴圈計數 */
                   ^
../src/helloworld.c:76:16: warning: unused variable 'x' [-Wunused-variable]
  unsigned int  x, y;      /* 迴圈計數 */
                ^
'Finished building: ../src/helloworld.c'
' '
'Building target: sd_card_control.elf'
'Invoking: ARM gcc linker'
arm-xilinx-eabi-gcc -Wl,-T -Wl,../src/lscript.ld -L../../sd_card_control_bsp/ps7_cortexa9_0/lib -o "sd_card_control.elf"  ./src/helloworld.o ./src/platform.o   -Wl,--start-group,-lxil,-lgcc,-lc,--end-group -Wl,--start-group,-lxilffs,-lxil,-lgcc,-lc,--end-group -Wl,--start-group,-lrsa,-lxil,-lgcc,-lc,--end-group
'Finished building target: sd_card_control.elf'
' '
'Invoking: ARM Print Size'
arm-xilinx-eabi-size sd_card_control.elf  |tee "sd_card_control.elf.size"
   text	   data	    bss	    dec	    hex	filename
  48060	   1316	1598528	1647904	 192520	sd_card_control.elf
'Finished building: sd_card_control.elf.size'
' '
21:49:25 **** Incremental Build of configuration Debug for project sd_card_control ****
make all 
make: Nothing to be done for `all'.
21:50:00 **** Auto Build of configuration Debug for project sd_card_control ****
make all 
'Building file: ../src/helloworld.c'
'Invoking: ARM gcc compiler'
arm-xilinx-eabi-gcc -Wall -O0 -g3 -c -fmessage-length=0 -MT"src/helloworld.o" -I../../sd_card_control_bsp/ps7_cortexa9_0/include -MMD -MP -MF"src/helloworld.d" -MT"src/helloworld.d" -o "src/helloworld.o" "../src/helloworld.c"
../src/helloworld.c: In function 'bmp_upside_down':
../src/helloworld.c:80:16: warning: unused variable 'y_d' [-Wunused-variable]
  unsigned int  y_d;      /* y軸的目標 */
                ^
../src/helloworld.c:79:16: warning: unused variable 'y_avg' [-Wunused-variable]
  unsigned int  y_avg;     /* y軸的平均值 */
                ^
../src/helloworld.c:76:19: warning: unused variable 'y' [-Wunused-variable]
  unsigned int  x, y;      /* 迴圈計數 */
                   ^
../src/helloworld.c:76:16: warning: unused variable 'x' [-Wunused-variable]
  unsigned int  x, y;      /* 迴圈計數 */
                ^
'Finished building: ../src/helloworld.c'
' '
'Building target: sd_card_control.elf'
'Invoking: ARM gcc linker'
arm-xilinx-eabi-gcc -Wl,-T -Wl,../src/lscript.ld -L../../sd_card_control_bsp/ps7_cortexa9_0/lib -o "sd_card_control.elf"  ./src/helloworld.o ./src/platform.o   -Wl,--start-group,-lxil,-lgcc,-lc,--end-group -Wl,--start-group,-lxilffs,-lxil,-lgcc,-lc,--end-group -Wl,--start-group,-lrsa,-lxil,-lgcc,-lc,--end-group
'Finished building target: sd_card_control.elf'
' '
'Invoking: ARM Print Size'
arm-xilinx-eabi-size sd_card_control.elf  |tee "sd_card_control.elf.size"
   text	   data	    bss	    dec	    hex	filename
  48060	   1316	1598528	1647904	 192520	sd_card_control.elf
'Finished building: sd_card_control.elf.size'
' '
21:50:02 **** Incremental Build of configuration Debug for project sd_card_control ****
make all 
make: Nothing to be done for `all'.
21:50:17 **** Auto Build of configuration Debug for project sd_card_control ****
make all 
'Building file: ../src/helloworld.c'
'Invoking: ARM gcc compiler'
arm-xilinx-eabi-gcc -Wall -O0 -g3 -c -fmessage-length=0 -MT"src/helloworld.o" -I../../sd_card_control_bsp/ps7_cortexa9_0/include -MMD -MP -MF"src/helloworld.d" -MT"src/helloworld.d" -o "src/helloworld.o" "../src/helloworld.c"
../src/helloworld.c: In function 'bmp_upside_down':
../src/helloworld.c:80:16: warning: unused variable 'y_d' [-Wunused-variable]
  unsigned int  y_d;      /* y軸的目標 */
                ^
../src/helloworld.c:79:16: warning: unused variable 'y_avg' [-Wunused-variable]
  unsigned int  y_avg;     /* y軸的平均值 */
                ^
../src/helloworld.c:76:19: warning: unused variable 'y' [-Wunused-variable]
  unsigned int  x, y;      /* 迴圈計數 */
                   ^
../src/helloworld.c:76:16: warning: unused variable 'x' [-Wunused-variable]
  unsigned int  x, y;      /* 迴圈計數 */
                ^
'Finished building: ../src/helloworld.c'
' '
'Building target: sd_card_control.elf'
'Invoking: ARM gcc linker'
arm-xilinx-eabi-gcc -Wl,-T -Wl,../src/lscript.ld -L../../sd_card_control_bsp/ps7_cortexa9_0/lib -o "sd_card_control.elf"  ./src/helloworld.o ./src/platform.o   -Wl,--start-group,-lxil,-lgcc,-lc,--end-group -Wl,--start-group,-lxilffs,-lxil,-lgcc,-lc,--end-group -Wl,--start-group,-lrsa,-lxil,-lgcc,-lc,--end-group
'Finished building target: sd_card_control.elf'
' '
'Invoking: ARM Print Size'
arm-xilinx-eabi-size sd_card_control.elf  |tee "sd_card_control.elf.size"
   text	   data	    bss	    dec	    hex	filename
  48060	   1316	1598528	1647904	 192520	sd_card_control.elf
'Finished building: sd_card_control.elf.size'
' '
21:50:20 **** Incremental Build of configuration Debug for project sd_card_control ****
make all 
make: Nothing to be done for `all'.
21:51:04 **** Auto Build of configuration Debug for project sd_card_control ****
make all 
'Building file: ../src/helloworld.c'
'Invoking: ARM gcc compiler'
arm-xilinx-eabi-gcc -Wall -O0 -g3 -c -fmessage-length=0 -MT"src/helloworld.o" -I../../sd_card_control_bsp/ps7_cortexa9_0/include -MMD -MP -MF"src/helloworld.d" -MT"src/helloworld.d" -o "src/helloworld.o" "../src/helloworld.c"
../src/helloworld.c: In function 'bmp_upside_down':
../src/helloworld.c:80:16: warning: unused variable 'y_d' [-Wunused-variable]
  unsigned int  y_d;      /* y軸的目標 */
                ^
../src/helloworld.c:79:16: warning: unused variable 'y_avg' [-Wunused-variable]
  unsigned int  y_avg;     /* y軸的平均值 */
                ^
../src/helloworld.c:76:19: warning: unused variable 'y' [-Wunused-variable]
  unsigned int  x, y;      /* 迴圈計數 */
                   ^
../src/helloworld.c:76:16: warning: unused variable 'x' [-Wunused-variable]
  unsigned int  x, y;      /* 迴圈計數 */
                ^
'Finished building: ../src/helloworld.c'
' '
'Building target: sd_card_control.elf'
'Invoking: ARM gcc linker'
arm-xilinx-eabi-gcc -Wl,-T -Wl,../src/lscript.ld -L../../sd_card_control_bsp/ps7_cortexa9_0/lib -o "sd_card_control.elf"  ./src/helloworld.o ./src/platform.o   -Wl,--start-group,-lxil,-lgcc,-lc,--end-group -Wl,--start-group,-lxilffs,-lxil,-lgcc,-lc,--end-group -Wl,--start-group,-lrsa,-lxil,-lgcc,-lc,--end-group
'Finished building target: sd_card_control.elf'
' '
'Invoking: ARM Print Size'
arm-xilinx-eabi-size sd_card_control.elf  |tee "sd_card_control.elf.size"
   text	   data	    bss	    dec	    hex	filename
  48060	   1316	1598528	1647904	 192520	sd_card_control.elf
'Finished building: sd_card_control.elf.size'
' '
21:51:07 **** Incremental Build of configuration Debug for project sd_card_control ****
make all 
make: Nothing to be done for `all'.
21:51:38 **** Auto Build of configuration Debug for project sd_card_control ****
make all 
'Building file: ../src/helloworld.c'
'Invoking: ARM gcc compiler'
arm-xilinx-eabi-gcc -Wall -O0 -g3 -c -fmessage-length=0 -MT"src/helloworld.o" -I../../sd_card_control_bsp/ps7_cortexa9_0/include -MMD -MP -MF"src/helloworld.d" -MT"src/helloworld.d" -o "src/helloworld.o" "../src/helloworld.c"
../src/helloworld.c: In function 'bmp_upside_down':
../src/helloworld.c:80:16: warning: unused variable 'y_d' [-Wunused-variable]
  unsigned int  y_d;      /* y軸的目標 */
                ^
../src/helloworld.c:79:16: warning: unused variable 'y_avg' [-Wunused-variable]
  unsigned int  y_avg;     /* y軸的平均值 */
                ^
../src/helloworld.c:76:19: warning: unused variable 'y' [-Wunused-variable]
  unsigned int  x, y;      /* 迴圈計數 */
                   ^
../src/helloworld.c:76:16: warning: unused variable 'x' [-Wunused-variable]
  unsigned int  x, y;      /* 迴圈計數 */
                ^
'Finished building: ../src/helloworld.c'
' '
'Building target: sd_card_control.elf'
'Invoking: ARM gcc linker'
arm-xilinx-eabi-gcc -Wl,-T -Wl,../src/lscript.ld -L../../sd_card_control_bsp/ps7_cortexa9_0/lib -o "sd_card_control.elf"  ./src/helloworld.o ./src/platform.o   -Wl,--start-group,-lxil,-lgcc,-lc,--end-group -Wl,--start-group,-lxilffs,-lxil,-lgcc,-lc,--end-group -Wl,--start-group,-lrsa,-lxil,-lgcc,-lc,--end-group
'Finished building target: sd_card_control.elf'
' '
'Invoking: ARM Print Size'
arm-xilinx-eabi-size sd_card_control.elf  |tee "sd_card_control.elf.size"
   text	   data	    bss	    dec	    hex	filename
  48060	   1316	1598528	1647904	 192520	sd_card_control.elf
'Finished building: sd_card_control.elf.size'
' '
21:51:49 **** Incremental Build of configuration Debug for project sd_card_control ****
make all 
make: Nothing to be done for `all'.
21:52:18 **** Auto Build of configuration Debug for project sd_card_control ****
make all 
'Building file: ../src/helloworld.c'
'Invoking: ARM gcc compiler'
arm-xilinx-eabi-gcc -Wall -O0 -g3 -c -fmessage-length=0 -MT"src/helloworld.o" -I../../sd_card_control_bsp/ps7_cortexa9_0/include -MMD -MP -MF"src/helloworld.d" -MT"src/helloworld.d" -o "src/helloworld.o" "../src/helloworld.c"
../src/helloworld.c: In function 'bmp_upside_down':
../src/helloworld.c:80:16: warning: unused variable 'y_d' [-Wunused-variable]
  unsigned int  y_d;      /* y軸的目標 */
                ^
../src/helloworld.c:79:16: warning: unused variable 'y_avg' [-Wunused-variable]
  unsigned int  y_avg;     /* y軸的平均值 */
                ^
../src/helloworld.c:76:19: warning: unused variable 'y' [-Wunused-variable]
  unsigned int  x, y;      /* 迴圈計數 */
                   ^
../src/helloworld.c:76:16: warning: unused variable 'x' [-Wunused-variable]
  unsigned int  x, y;      /* 迴圈計數 */
                ^
'Finished building: ../src/helloworld.c'
' '
'Building target: sd_card_control.elf'
'Invoking: ARM gcc linker'
arm-xilinx-eabi-gcc -Wl,-T -Wl,../src/lscript.ld -L../../sd_card_control_bsp/ps7_cortexa9_0/lib -o "sd_card_control.elf"  ./src/helloworld.o ./src/platform.o   -Wl,--start-group,-lxil,-lgcc,-lc,--end-group -Wl,--start-group,-lxilffs,-lxil,-lgcc,-lc,--end-group -Wl,--start-group,-lrsa,-lxil,-lgcc,-lc,--end-group
'Finished building target: sd_card_control.elf'
' '
'Invoking: ARM Print Size'
arm-xilinx-eabi-size sd_card_control.elf  |tee "sd_card_control.elf.size"
   text	   data	    bss	    dec	    hex	filename
  48060	   1316	1598528	1647904	 192520	sd_card_control.elf
'Finished building: sd_card_control.elf.size'
' '
21:52:21 **** Incremental Build of configuration Debug for project sd_card_control ****
make all 
make: Nothing to be done for `all'.
21:52:58 **** Auto Build of configuration Debug for project sd_card_control ****
make all 
'Building file: ../src/helloworld.c'
'Invoking: ARM gcc compiler'
arm-xilinx-eabi-gcc -Wall -O0 -g3 -c -fmessage-length=0 -MT"src/helloworld.o" -I../../sd_card_control_bsp/ps7_cortexa9_0/include -MMD -MP -MF"src/helloworld.d" -MT"src/helloworld.d" -o "src/helloworld.o" "../src/helloworld.c"
../src/helloworld.c: In function 'bmp_upside_down':
../src/helloworld.c:80:16: warning: unused variable 'y_d' [-Wunused-variable]
  unsigned int  y_d;      /* y軸的目標 */
                ^
../src/helloworld.c:79:16: warning: unused variable 'y_avg' [-Wunused-variable]
  unsigned int  y_avg;     /* y軸的平均值 */
                ^
../src/helloworld.c:76:19: warning: unused variable 'y' [-Wunused-variable]
  unsigned int  x, y;      /* 迴圈計數 */
                   ^
../src/helloworld.c:76:16: warning: unused variable 'x' [-Wunused-variable]
  unsigned int  x, y;      /* 迴圈計數 */
                ^
'Finished building: ../src/helloworld.c'
' '
'Building target: sd_card_control.elf'
'Invoking: ARM gcc linker'
arm-xilinx-eabi-gcc -Wl,-T -Wl,../src/lscript.ld -L../../sd_card_control_bsp/ps7_cortexa9_0/lib -o "sd_card_control.elf"  ./src/helloworld.o ./src/platform.o   -Wl,--start-group,-lxil,-lgcc,-lc,--end-group -Wl,--start-group,-lxilffs,-lxil,-lgcc,-lc,--end-group -Wl,--start-group,-lrsa,-lxil,-lgcc,-lc,--end-group
'Finished building target: sd_card_control.elf'
' '
'Invoking: ARM Print Size'
arm-xilinx-eabi-size sd_card_control.elf  |tee "sd_card_control.elf.size"
   text	   data	    bss	    dec	    hex	filename
  48060	   1316	1598528	1647904	 192520	sd_card_control.elf
'Finished building: sd_card_control.elf.size'
' '
21:53:00 **** Incremental Build of configuration Debug for project sd_card_control ****
make all 
make: Nothing to be done for `all'.
